This is pdfTeX, Version 3.141592653-2.6-1.40.29 (TeX Live 2026) (preloaded format=pdflatex 2026.3.22)  30 MAR 2026 14:42
entering extended mode
 restricted \write18 enabled.
 %&-line parsing enabled.
**tobit_analysis_report.tex
(./tobit_analysis_report.tex
LaTeX2e <2025-11-01>
L3 programming layer <2026-01-19>
(c:/Users/diego/AppData/Roaming/TinyTeX/texmf-dist/tex/latex/base/article.cls
Document Class: article 2025/01/22 v1.4n Standard LaTeX document class
(c:/Users/diego/AppData/Roaming/TinyTeX/texmf-dist/tex/latex/base/size11.clo
File: size11.clo 2025/01/22 v1.4n Standard LaTeX file (size option)
)
\c@part=\count275
\c@section=\count276
\c@subsection=\count277
\c@subsubsection=\count278
\c@paragraph=\count279
\c@subparagraph=\count280
\c@figure=\count281
\c@table=\count282
\abovecaptionskip=\skip49
\belowcaptionskip=\skip50
\bibindent=\dimen148
) (c:/Users/diego/AppData/Roaming/TinyTeX/texmf-dist/tex/latex/geometry/geometry.sty
Package: geometry 2026/03/07 v6.0 Page Geometry
 (c:/Users/diego/AppData/Roaming/TinyTeX/texmf-dist/tex/latex/graphics/keyval.sty
Package: keyval 2022/05/29 v1.15 key=value parser (DPC)
\KV@toks@=\toks17
) (c:/Users/diego/AppData/Roaming/TinyTeX/texmf-dist/tex/generic/iftex/ifvtex.sty
Package: ifvtex 2019/10/25 v1.7 ifvtex legacy package. Use iftex instead.
 (c:/Users/diego/AppData/Roaming/TinyTeX/texmf-dist/tex/generic/iftex/iftex.sty
Package: iftex 2024/12/12 v1.0g TeX engine tests
))
\Gm@cnth=\count283
\Gm@cntv=\count284
\c@Gm@tempcnt=\count285
\Gm@bindingoffset=\dimen149
\Gm@wd@mp=\dimen150
\Gm@odd@mp=\dimen151
\Gm@even@mp=\dimen152
\Gm@layoutwidth=\dimen153
\Gm@layoutheight=\dimen154
\Gm@layouthoffset=\dimen155
\Gm@layoutvoffset=\dimen156
\Gm@dimlist=\toks18
) (c:/Users/diego/AppData/Roaming/TinyTeX/texmf-dist/tex/latex/base/fontenc.sty
Package: fontenc 2025/07/18 v2.1d Standard LaTeX package
) (c:/Users/diego/AppData/Roaming/TinyTeX/texmf-dist/tex/latex/base/inputenc.sty
Package: inputenc 2024/02/08 v1.3d Input encoding file
\inpenc@prehook=\toks19
\inpenc@posthook=\toks20
) (c:/Users/diego/AppData/Roaming/TinyTeX/texmf-dist/tex/latex/amsmath/amsmath.sty
Package: amsmath 2025/07/09 v2.17z AMS math features
\@mathmargin=\skip51

For additional information on amsmath, use the `?' option.
(c:/Users/diego/AppData/Roaming/TinyTeX/texmf-dist/tex/latex/amsmath/amstext.sty
Package: amstext 2024/11/17 v2.01 AMS text
 (c:/Users/diego/AppData/Roaming/TinyTeX/texmf-dist/tex/latex/amsmath/amsgen.sty
File: amsgen.sty 1999/11/30 v2.0 generic functions
\@emptytoks=\toks21
\ex@=\dimen157
)) (c:/Users/diego/AppData/Roaming/TinyTeX/texmf-dist/tex/latex/amsmath/amsbsy.sty
Package: amsbsy 1999/11/29 v1.2d Bold Symbols
\pmbraise@=\dimen158
) (c:/Users/diego/AppData/Roaming/TinyTeX/texmf-dist/tex/latex/amsmath/amsopn.sty
Package: amsopn 2022/04/08 v2.04 operator names
)
\inf@bad=\count286
LaTeX Info: Redefining \frac on input line 233.
\uproot@=\count287
\leftroot@=\count288
LaTeX Info: Redefining \overline on input line 398.
LaTeX Info: Redefining \colon on input line 409.
\classnum@=\count289
\DOTSCASE@=\count290
LaTeX Info: Redefining \ldots on input line 495.
LaTeX Info: Redefining \dots on input line 498.
LaTeX Info: Redefining \cdots on input line 619.
\Mathstrutbox@=\box53
\strutbox@=\box54
LaTeX Info: Redefining \big on input line 721.
LaTeX Info: Redefining \Big on input line 722.
LaTeX Info: Redefining \bigg on input line 723.
LaTeX Info: Redefining \Bigg on input line 724.
\big@size=\dimen159
LaTeX Font Info:    Redeclaring font encoding OML on input line 742.
LaTeX Font Info:    Redeclaring font encoding OMS on input line 743.
\macc@depth=\count291
LaTeX Info: Redefining \bmod on input line 904.
LaTeX Info: Redefining \pmod on input line 909.
LaTeX Info: Redefining \smash on input line 939.
LaTeX Info: Redefining \relbar on input line 969.
LaTeX Info: Redefining \Relbar on input line 970.
\c@MaxMatrixCols=\count292
\dotsspace@=\muskip17
\c@parentequation=\count293
\dspbrk@lvl=\count294
\tag@help=\toks22
\row@=\count295
\column@=\count296
\maxfields@=\count297
\andhelp@=\toks23
\eqnshift@=\dimen160
\alignsep@=\dimen161
\tagshift@=\dimen162
\tagwidth@=\dimen163
\totwidth@=\dimen164
\lineht@=\dimen165
\@envbody=\toks24
\multlinegap=\skip52
\multlinetaggap=\skip53
\mathdisplay@stack=\toks25
LaTeX Info: Redefining \[ on input line 2950.
LaTeX Info: Redefining \] on input line 2951.
) (c:/Users/diego/AppData/Roaming/TinyTeX/texmf-dist/tex/latex/amsfonts/amssymb.sty
Package: amssymb 2013/01/14 v3.01 AMS font symbols
 (c:/Users/diego/AppData/Roaming/TinyTeX/texmf-dist/tex/latex/amsfonts/amsfonts.sty
Package: amsfonts 2013/01/14 v3.01 Basic AMSFonts support
\symAMSa=\mathgroup4
\symAMSb=\mathgroup5
LaTeX Font Info:    Redeclaring math symbol \hbar on input line 98.
LaTeX Font Info:    Overwriting math alphabet `\mathfrak' in version `bold'
(Font)                  U/euf/m/n --> U/euf/b/n on input line 106.
)) (c:/Users/diego/AppData/Roaming/TinyTeX/texmf-dist/tex/latex/graphics/graphicx.sty
Package: graphicx 2024/12/31 v1.2e Enhanced LaTeX Graphics (DPC,SPQR)
 (c:/Users/diego/AppData/Roaming/TinyTeX/texmf-dist/tex/latex/graphics/graphics.sty
Package: graphics 2024/08/06 v1.4g Standard LaTeX Graphics (DPC,SPQR)
 (c:/Users/diego/AppData/Roaming/TinyTeX/texmf-dist/tex/latex/graphics/trig.sty
Package: trig 2023/12/02 v1.11 sin cos tan (DPC)
) (c:/Users/diego/AppData/Roaming/TinyTeX/texmf-dist/tex/latex/graphics-cfg/graphics.cfg
File: graphics.cfg 2016/06/04 v1.11 sample graphics configuration
)
Package graphics Info: Driver file: pdftex.def on input line 106.
 (c:/Users/diego/AppData/Roaming/TinyTeX/texmf-dist/tex/latex/graphics-def/pdftex.def
File: pdftex.def 2025/09/29 v1.2d Graphics/color driver for pdftex
))
\Gin@req@height=\dimen166
\Gin@req@width=\dimen167
) (c:/Users/diego/AppData/Roaming/TinyTeX/texmf-dist/tex/latex/tools/array.sty
Package: array 2025/09/25 v2.6n Tabular extension package (FMi)
\col@sep=\dimen168
\ar@mcellbox=\box55
\extrarowheight=\dimen169
\NC@list=\toks26
\extratabsurround=\skip54
\backup@length=\skip55
\ar@cellbox=\box56
) (c:/Users/diego/AppData/Roaming/TinyTeX/texmf-dist/tex/latex/booktabs/booktabs.sty
Package: booktabs 2020/01/12 v1.61803398 Publication quality tables
\heavyrulewidth=\dimen170
\lightrulewidth=\dimen171
\cmidrulewidth=\dimen172
\belowrulesep=\dimen173
\belowbottomsep=\dimen174
\aboverulesep=\dimen175
\abovetopsep=\dimen176
\cmidrulesep=\dimen177
\cmidrulekern=\dimen178
\defaultaddspace=\dimen179
\@cmidla=\count298
\@cmidlb=\count299
\@aboverulesep=\dimen180
\@belowrulesep=\dimen181
\@thisruleclass=\count300
\@lastruleclass=\count301
\@thisrulewidth=\dimen182
) (c:/Users/diego/AppData/Roaming/TinyTeX/texmf-dist/tex/latex/float/float.sty
Package: float 2001/11/08 v1.3d Float enhancements (AL)
\c@float@type=\count302
\float@exts=\toks27
\float@box=\box57
\@float@everytoks=\toks28
\@floatcapt=\box58
) (c:/Users/diego/AppData/Roaming/TinyTeX/texmf-dist/tex/latex/hyperref/hyperref.sty
Package: hyperref 2026-01-29 v7.01p Hypertext links for LaTeX
 (c:/Users/diego/AppData/Roaming/TinyTeX/texmf-dist/tex/latex/kvsetkeys/kvsetkeys.sty
Package: kvsetkeys 2022-10-05 v1.19 Key value parser (HO)
) (c:/Users/diego/AppData/Roaming/TinyTeX/texmf-dist/tex/generic/kvdefinekeys/kvdefinekeys.sty
Package: kvdefinekeys 2019-12-19 v1.6 Define keys (HO)
) (c:/Users/diego/AppData/Roaming/TinyTeX/texmf-dist/tex/generic/pdfescape/pdfescape.sty
Package: pdfescape 2019/12/09 v1.15 Implements pdfTeX's escape features (HO)
 (c:/Users/diego/AppData/Roaming/TinyTeX/texmf-dist/tex/generic/ltxcmds/ltxcmds.sty
Package: ltxcmds 2023-12-04 v1.26 LaTeX kernel commands for general use (HO)
) (c:/Users/diego/AppData/Roaming/TinyTeX/texmf-dist/tex/generic/pdftexcmds/pdftexcmds.sty
Package: pdftexcmds 2020-06-27 v0.33 Utility functions of pdfTeX for LuaTeX (HO)
 (c:/Users/diego/AppData/Roaming/TinyTeX/texmf-dist/tex/generic/infwarerr/infwarerr.sty
Package: infwarerr 2019/12/03 v1.5 Providing info/warning/error messages (HO)
)
Package pdftexcmds Info: \pdf@primitive is available.
Package pdftexcmds Info: \pdf@ifprimitive is available.
Package pdftexcmds Info: \pdfdraftmode found.
)) (c:/Users/diego/AppData/Roaming/TinyTeX/texmf-dist/tex/latex/hycolor/hycolor.sty
Package: hycolor 2020-01-27 v1.10 Color options for hyperref/bookmark (HO)
) (c:/Users/diego/AppData/Roaming/TinyTeX/texmf-dist/tex/latex/hyperref/nameref.sty
Package: nameref 2026-01-29 v2.58 Cross-referencing by name of section
 (c:/Users/diego/AppData/Roaming/TinyTeX/texmf-dist/tex/latex/refcount/refcount.sty
Package: refcount 2019/12/15 v3.6 Data extraction from label references (HO)
) (c:/Users/diego/AppData/Roaming/TinyTeX/texmf-dist/tex/generic/gettitlestring/gettitlestring.sty
Package: gettitlestring 2019/12/15 v1.6 Cleanup title references (HO)
 (c:/Users/diego/AppData/Roaming/TinyTeX/texmf-dist/tex/latex/kvoptions/kvoptions.sty
Package: kvoptions 2022-06-15 v3.15 Key value format for package options (HO)
))
\c@section@level=\count303
) (c:/Users/diego/AppData/Roaming/TinyTeX/texmf-dist/tex/latex/etoolbox/etoolbox.sty
Package: etoolbox 2025/10/02 v2.5m e-TeX tools for LaTeX (JAW)
\etb@tempcnta=\count304
) (c:/Users/diego/AppData/Roaming/TinyTeX/texmf-dist/tex/generic/stringenc/stringenc.sty
Package: stringenc 2019/11/29 v1.12 Convert strings between diff. encodings (HO)
)
\@linkdim=\dimen183
\Hy@linkcounter=\count305
\Hy@pagecounter=\count306
 (c:/Users/diego/AppData/Roaming/TinyTeX/texmf-dist/tex/latex/hyperref/pd1enc.def
File: pd1enc.def 2026-01-29 v7.01p Hyperref: PDFDocEncoding definition (HO)
Now handling font encoding PD1 ...
... no UTF-8 mapping file for font encoding PD1
) (c:/Users/diego/AppData/Roaming/TinyTeX/texmf-dist/tex/generic/intcalc/intcalc.sty
Package: intcalc 2019/12/15 v1.3 Expandable calculations with integers (HO)
)
\Hy@SavedSpaceFactor=\count307
 (c:/Users/diego/AppData/Roaming/TinyTeX/texmf-dist/tex/latex/hyperref/puenc.def
File: puenc.def 2026-01-29 v7.01p Hyperref: PDF Unicode definition (HO)
Now handling font encoding PU ...
... no UTF-8 mapping file for font encoding PU
)
Package hyperref Info: Hyper figures OFF on input line 4201.
Package hyperref Info: Link nesting OFF on input line 4206.
Package hyperref Info: Hyper index ON on input line 4209.
Package hyperref Info: Plain pages OFF on input line 4216.
Package hyperref Info: Backreferencing OFF on input line 4221.
Package hyperref Info: Implicit mode ON; LaTeX internals redefined.
Package hyperref Info: Bookmarks ON on input line 4468.
\c@Hy@tempcnt=\count308
 (c:/Users/diego/AppData/Roaming/TinyTeX/texmf-dist/tex/latex/url/url.sty
\Urlmuskip=\muskip18
Package: url 2013/09/16  ver 3.4  Verb mode for urls, etc.
)
LaTeX Info: Redefining \url on input line 4807.
\XeTeXLinkMargin=\dimen184
 (c:/Users/diego/AppData/Roaming/TinyTeX/texmf-dist/tex/generic/bitset/bitset.sty
Package: bitset 2019/12/09 v1.3 Handle bit-vector datatype (HO)
 (c:/Users/diego/AppData/Roaming/TinyTeX/texmf-dist/tex/generic/bigintcalc/bigintcalc.sty
Package: bigintcalc 2019/12/15 v1.5 Expandable calculations on big integers (HO)
))
\Fld@menulength=\count309
\Field@Width=\dimen185
\Fld@charsize=\dimen186
Package hyperref Info: Hyper figures OFF on input line 6084.
Package hyperref Info: Link nesting OFF on input line 6089.
Package hyperref Info: Hyper index ON on input line 6092.
Package hyperref Info: backreferencing OFF on input line 6099.
Package hyperref Info: Link coloring OFF on input line 6104.
Package hyperref Info: Link coloring with OCG OFF on input line 6109.
Package hyperref Info: PDF/A mode OFF on input line 6114.
\Hy@abspage=\count310
\c@Item=\count311
\c@Hfootnote=\count312
)
Package hyperref Info: Driver (autodetected): hpdftex.
 (c:/Users/diego/AppData/Roaming/TinyTeX/texmf-dist/tex/latex/hyperref/hpdftex.def
File: hpdftex.def 2026-01-29 v7.01p Hyperref driver for pdfTeX
\Fld@listcount=\count313
\c@bookmark@seq@number=\count314
 (c:/Users/diego/AppData/Roaming/TinyTeX/texmf-dist/tex/latex/rerunfilecheck/rerunfilecheck.sty
Package: rerunfilecheck 2025-06-21 v1.11 Rerun checks for auxiliary files (HO)
 (c:/Users/diego/AppData/Roaming/TinyTeX/texmf-dist/tex/generic/uniquecounter/uniquecounter.sty
Package: uniquecounter 2019/12/15 v1.4 Provide unlimited unique counter (HO)
)
Package uniquecounter Info: New unique counter `rerunfilecheck' on input line 284.
)
\Hy@SectionHShift=\skip56
) (c:/Users/diego/AppData/Roaming/TinyTeX/texmf-dist/tex/latex/l3backend/l3backend-pdftex.def
File: l3backend-pdftex.def 2025-10-09 L3 backend support: PDF output (pdfTeX)
\l__color_backend_stack_int=\count315
) (./tobit_analysis_report_build.aux)
\openout1 = `tobit_analysis_report_build.aux'.

LaTeX Font Info:    Checking defaults for OML/cmm/m/it on input line 14.
LaTeX Font Info:    ... okay on input line 14.
LaTeX Font Info:    Checking defaults for OMS/cmsy/m/n on input line 14.
LaTeX Font Info:    ... okay on input line 14.
LaTeX Font Info:    Checking defaults for OT1/cmr/m/n on input line 14.
LaTeX Font Info:    ... okay on input line 14.
LaTeX Font Info:    Checking defaults for T1/cmr/m/n on input line 14.
LaTeX Font Info:    ... okay on input line 14.
LaTeX Font Info:    Checking defaults for TS1/cmr/m/n on input line 14.
LaTeX Font Info:    ... okay on input line 14.
LaTeX Font Info:    Checking defaults for OMX/cmex/m/n on input line 14.
LaTeX Font Info:    ... okay on input line 14.
LaTeX Font Info:    Checking defaults for U/cmr/m/n on input line 14.
LaTeX Font Info:    ... okay on input line 14.
LaTeX Font Info:    Checking defaults for PD1/pdf/m/n on input line 14.
LaTeX Font Info:    ... okay on input line 14.
LaTeX Font Info:    Checking defaults for PU/pdf/m/n on input line 14.
LaTeX Font Info:    ... okay on input line 14.

*geometry* driver: auto-detecting
*geometry* detected driver: pdftex
*geometry* verbose mode - [ preamble ] result:
* driver: pdftex
* paper: <default>
* layout: <same size as paper>
* layoutoffset:(h,v)=(0.0pt,0.0pt)
* modes: 
* h-part:(L,W,R)=(72.26999pt, 469.75502pt, 72.26999pt)
* v-part:(T,H,B)=(72.26999pt, 650.43001pt, 72.26999pt)
* \paperwidth=614.295pt
* \paperheight=794.96999pt
* \textwidth=469.75502pt
* \textheight=650.43001pt
* \oddsidemargin=0.0pt
* \evensidemargin=0.0pt
* \topmargin=-37.0pt
* \headheight=12.0pt
* \headsep=25.0pt
* \topskip=11.0pt
* \footskip=30.0pt
* \marginparwidth=59.0pt
* \marginparsep=10.0pt
* \columnsep=10.0pt
* \skip\footins=10.0pt plus 4.0pt minus 2.0pt
* \hoffset=0.0pt
* \voffset=0.0pt
* \mag=1000
* \@twocolumnfalse
* \@twosidefalse
* \@mparswitchfalse
* \@reversemarginfalse
* (1in=72.27pt=25.4mm, 1cm=28.453pt)

(c:/Users/diego/AppData/Roaming/TinyTeX/texmf-dist/tex/latex/epstopdf-pkg/epstopdf-base.sty
Package: epstopdf-base 2020-01-24 v2.11 Base part for package epstopdf
Package epstopdf-base Info: Redefining graphics rule for `.eps' on input line 485.
 (c:/Users/diego/AppData/Roaming/TinyTeX/texmf-dist/tex/latex/latexconfig/epstopdf-sys.cfg
File: epstopdf-sys.cfg 2010/07/13 v1.3 Configuration of (r)epstopdf for TeX Live
))
Package hyperref Info: Link coloring OFF on input line 14.
 (./tobit_analysis_report_build.out) (./tobit_analysis_report_build.out)
\@outlinefile=\write3
\openout3 = `tobit_analysis_report_build.out'.

LaTeX Font Info:    Trying to load font information for U+msa on input line 16.
 (c:/Users/diego/AppData/Roaming/TinyTeX/texmf-dist/tex/latex/amsfonts/umsa.fd
File: umsa.fd 2013/01/14 v3.01 AMS symbols A
)
LaTeX Font Info:    Trying to load font information for U+msb on input line 16.
 (c:/Users/diego/AppData/Roaming/TinyTeX/texmf-dist/tex/latex/amsfonts/umsb.fd
File: umsb.fd 2013/01/14 v3.01 AMS symbols B
)
Overfull \hbox (0.3279pt too wide) in paragraph at lines 50--51
\T1/cmr/m/n/10.95 scores for harm-ful de-ci-sions af-ter con-di-tion-ing on judged-negotiator, coun-ter-part, and observer-
 []

[1

{c:/Users/diego/AppData/Roaming/TinyTeX/texmf-var/fonts/map/pdftex/updmap/pdftex.map}] [2]

Package hyperref Warning: Difference (2) between bookmark levels is greater 
(hyperref)                than one, level fixed on input line 82.

<../figures/figure_03_empathy_radar.png, id=141, 578.16pt x 361.35pt>
File: ../figures/figure_03_empathy_radar.png Graphic file (type png)
<use ../figures/figure_03_empathy_radar.png>
Package pdftex.def Info: ../figures/figure_03_empathy_radar.png  used on input line 103.
(pdftex.def)             Requested size: 432.17375pt x 270.10757pt.
[3]
<../figures/figure_05_bivariate_scatters.png, id=148, 722.7pt x 289.08pt>
File: ../figures/figure_05_bivariate_scatters.png Graphic file (type png)
<use ../figures/figure_05_bivariate_scatters.png>
Package pdftex.def Info: ../figures/figure_05_bivariate_scatters.png  used on input line 133.
(pdftex.def)             Requested size: 432.17375pt x 172.87149pt.
 [4 <../figures/figure_03_empathy_radar.png>]
Overfull \hbox (1.17654pt too wide) in paragraph at lines 181--181
[]|\T1/cmr/m/n/10 Hypothesis|  
 []

[5 <../figures/figure_05_bivariate_scatters.png>]
<../figures/figure_sig_H1_iri_ec.png, id=164, 520.344pt x 390.258pt>
File: ../figures/figure_sig_H1_iri_ec.png Graphic file (type png)
<use ../figures/figure_sig_H1_iri_ec.png>
Package pdftex.def Info: ../figures/figure_sig_H1_iri_ec.png  used on input line 199.
(pdftex.def)             Requested size: 432.17375pt x 324.14629pt.
 [6]
<../figures/figure_sig_H1_iri_pt.png, id=174, 520.344pt x 390.258pt>
File: ../figures/figure_sig_H1_iri_pt.png Graphic file (type png)
<use ../figures/figure_sig_H1_iri_pt.png>
Package pdftex.def Info: ../figures/figure_sig_H1_iri_pt.png  used on input line 208.
(pdftex.def)             Requested size: 432.17375pt x 324.14629pt.
 [7 <../figures/figure_sig_H1_iri_ec.png>]
<../figures/figure_sig_H3_iri_pd_judged_outgroup.png, id=184, 520.344pt x 390.258pt>
File: ../figures/figure_sig_H3_iri_pd_judged_outgroup.png Graphic file (type png)
<use ../figures/figure_sig_H3_iri_pd_judged_outgroup.png>
Package pdftex.def Info: ../figures/figure_sig_H3_iri_pd_judged_outgroup.png  used on input line 219.
(pdftex.def)             Requested size: 432.17375pt x 324.14629pt.
 [8 <../figures/figure_sig_H1_iri_pt.png>]
<../figures/figure_sig_H3_iri_ec_judged_outgroup.png, id=193, 520.344pt x 390.258pt>
File: ../figures/figure_sig_H3_iri_ec_judged_outgroup.png Graphic file (type png)
<use ../figures/figure_sig_H3_iri_ec_judged_outgroup.png>
Package pdftex.def Info: ../figures/figure_sig_H3_iri_ec_judged_outgroup.png  used on input line 228.
(pdftex.def)             Requested size: 432.17375pt x 324.14629pt.
 [9 <../figures/figure_sig_H3_iri_pd_judged_outgroup.png>]
<../figures/figure_sig_all_accepted_decision_sample_role_observer.png, id=201, 520.344pt x 390.258pt>
File: ../figures/figure_sig_all_accepted_decision_sample_role_observer.png Graphic file (type png)
<use ../figures/figure_sig_all_accepted_decision_sample_role_observer.png>
Package pdftex.def Info: ../figures/figure_sig_all_accepted_decision_sample_role_observer.png  used on input line 248.
(pdftex.def)             Requested size: 432.17375pt x 324.14629pt.
 [10 <../figures/figure_sig_H3_iri_ec_judged_outgroup.png (PNG copy)>]
<../figures/figure_sig_all_accepted_decision_sample_iri_ec.png, id=209, 520.344pt x 390.258pt>
File: ../figures/figure_sig_all_accepted_decision_sample_iri_ec.png Graphic file (type png)
<use ../figures/figure_sig_all_accepted_decision_sample_iri_ec.png>
Package pdftex.def Info: ../figures/figure_sig_all_accepted_decision_sample_iri_ec.png  used on input line 261.
(pdftex.def)             Requested size: 432.17375pt x 324.14629pt.
 [11 <../figures/figure_sig_all_accepted_decision_sample_role_observer.png>]
<../figures/figure_sig_all_accepted_decision_sample_age.png, id=217, 520.344pt x 390.258pt>
File: ../figures/figure_sig_all_accepted_decision_sample_age.png Graphic file (type png)
<use ../figures/figure_sig_all_accepted_decision_sample_age.png>
Package pdftex.def Info: ../figures/figure_sig_all_accepted_decision_sample_age.png  used on input line 275.
(pdftex.def)             Requested size: 432.17375pt x 324.14629pt.
 [12 <../figures/figure_sig_all_accepted_decision_sample_iri_ec.png>]
<../figures/figure_sig_all_accepted_decision_sample_iri_pt.png, id=225, 520.344pt x 390.258pt>
File: ../figures/figure_sig_all_accepted_decision_sample_iri_pt.png Graphic file (type png)
<use ../figures/figure_sig_all_accepted_decision_sample_iri_pt.png>
Package pdftex.def Info: ../figures/figure_sig_all_accepted_decision_sample_iri_pt.png  used on input line 288.
(pdftex.def)             Requested size: 432.17375pt x 324.14629pt.
 [13 <../figures/figure_sig_all_accepted_decision_sample_age.png>]
<../figures/figure_sig_all_accepted_decision_sample_participant_engineering.png, id=234, 520.344pt x 390.258pt>
File: ../figures/figure_sig_all_accepted_decision_sample_participant_engineering.png Graphic file (type png)
<use ../figures/figure_sig_all_accepted_decision_sample_participant_engineering.png>
Package pdftex.def Info: ../figures/figure_sig_all_accepted_decision_sample_participant_engineering.png  used on input line 302.
(pdftex.def)             Requested size: 432.17375pt x 324.14629pt.
 [14 <../figures/figure_sig_all_accepted_decision_sample_iri_pt.png>]
<../figures/figure_sig_all_betrayal_sample_decision_accept.png, id=242, 520.344pt x 390.258pt>
File: ../figures/figure_sig_all_betrayal_sample_decision_accept.png Graphic file (type png)
<use ../figures/figure_sig_all_betrayal_sample_decision_accept.png>
Package pdftex.def Info: ../figures/figure_sig_all_betrayal_sample_decision_accept.png  used on input line 318.
(pdftex.def)             Requested size: 432.17375pt x 324.14629pt.
 [15 <../figures/figure_sig_all_accepted_decision_sample_participant_engineering.png>]
<../figures/figure_sig_all_betrayal_sample_iri_pt.png, id=251, 520.344pt x 390.258pt>
File: ../figures/figure_sig_all_betrayal_sample_iri_pt.png Graphic file (type png)
<use ../figures/figure_sig_all_betrayal_sample_iri_pt.png>
Package pdftex.def Info: ../figures/figure_sig_all_betrayal_sample_iri_pt.png  used on input line 331.
(pdftex.def)             Requested size: 432.17375pt x 324.14629pt.
 [16 <../figures/figure_sig_all_betrayal_sample_decision_accept.png>]
<../figures/figure_sig_all_betrayal_sample_economic_status.png, id=259, 520.344pt x 390.258pt>
File: ../figures/figure_sig_all_betrayal_sample_economic_status.png Graphic file (type png)
<use ../figures/figure_sig_all_betrayal_sample_economic_status.png>
Package pdftex.def Info: ../figures/figure_sig_all_betrayal_sample_economic_status.png  used on input line 345.
(pdftex.def)             Requested size: 432.17375pt x 324.14629pt.
 [17 <../figures/figure_sig_all_betrayal_sample_iri_pt.png>]
<../figures/figure_sig_all_betrayal_sample_iri_ec.png, id=267, 520.344pt x 390.258pt>
File: ../figures/figure_sig_all_betrayal_sample_iri_ec.png Graphic file (type png)
<use ../figures/figure_sig_all_betrayal_sample_iri_ec.png>
Package pdftex.def Info: ../figures/figure_sig_all_betrayal_sample_iri_ec.png  used on input line 358.
(pdftex.def)             Requested size: 432.17375pt x 324.14629pt.
 [18 <../figures/figure_sig_all_betrayal_sample_economic_status.png>]
<../figures/figure_sig_all_full_judgment_sample_decision_accept.png, id=275, 520.344pt x 390.258pt>
File: ../figures/figure_sig_all_full_judgment_sample_decision_accept.png Graphic file (type png)
<use ../figures/figure_sig_all_full_judgment_sample_decision_accept.png>
Package pdftex.def Info: ../figures/figure_sig_all_full_judgment_sample_decision_accept.png  used on input line 376.
(pdftex.def)             Requested size: 432.17375pt x 324.14629pt.
 [19 <../figures/figure_sig_all_betrayal_sample_iri_ec.png>]
<../figures/figure_sig_all_full_judgment_sample_iri_pd_judged_outgroup.png, id=285, 520.344pt x 390.258pt>
File: ../figures/figure_sig_all_full_judgment_sample_iri_pd_judged_outgroup.png Graphic file (type png)
<use ../figures/figure_sig_all_full_judgment_sample_iri_pd_judged_outgroup.png>
Package pdftex.def Info: ../figures/figure_sig_all_full_judgment_sample_iri_pd_judged_outgroup.png  used on input line 389.
(pdftex.def)             Requested size: 432.17375pt x 324.14629pt.
 [20 <../figures/figure_sig_all_full_judgment_sample_decision_accept.png>]
<../figures/figure_sig_all_full_judgment_sample_iri_pt.png, id=293, 520.344pt x 390.258pt>
File: ../figures/figure_sig_all_full_judgment_sample_iri_pt.png Graphic file (type png)
<use ../figures/figure_sig_all_full_judgment_sample_iri_pt.png>
Package pdftex.def Info: ../figures/figure_sig_all_full_judgment_sample_iri_pt.png  used on input line 403.
(pdftex.def)             Requested size: 432.17375pt x 324.14629pt.
 [21 <../figures/figure_sig_all_full_judgment_sample_iri_pd_judged_outgroup.png>]
<../figures/figure_sig_all_full_judgment_sample_participant_engineering.png, id=301, 520.344pt x 390.258pt>
File: ../figures/figure_sig_all_full_judgment_sample_participant_engineering.png Graphic file (type png)
<use ../figures/figure_sig_all_full_judgment_sample_participant_engineering.png>
Package pdftex.def Info: ../figures/figure_sig_all_full_judgment_sample_participant_engineering.png  used on input line 419.
(pdftex.def)             Requested size: 432.17375pt x 324.14629pt.
 [22 <../figures/figure_sig_all_full_judgment_sample_iri_pt.png>]
<../figures/figure_sig_all_full_judgment_sample_iri_ec_judged_outgroup.png, id=309, 520.344pt x 390.258pt>
File: ../figures/figure_sig_all_full_judgment_sample_iri_ec_judged_outgroup.png Graphic file (type png)
<use ../figures/figure_sig_all_full_judgment_sample_iri_ec_judged_outgroup.png>
Package pdftex.def Info: ../figures/figure_sig_all_full_judgment_sample_iri_ec_judged_outgroup.png  used on input line 432.
(pdftex.def)             Requested size: 432.17375pt x 324.14629pt.
 [23 <../figures/figure_sig_all_full_judgment_sample_participant_engineering.png>]
<../figures/figure_sig_all_full_judgment_sample_iri_ec.png, id=317, 520.344pt x 390.258pt>
File: ../figures/figure_sig_all_full_judgment_sample_iri_ec.png Graphic file (type png)
<use ../figures/figure_sig_all_full_judgment_sample_iri_ec.png>
Package pdftex.def Info: ../figures/figure_sig_all_full_judgment_sample_iri_ec.png  used on input line 445.
(pdftex.def)             Requested size: 432.17375pt x 324.14629pt.
 [24 <../figures/figure_sig_all_full_judgment_sample_iri_ec_judged_outgroup.png (PNG copy)>]
<../figures/figure_sig_all_full_judgment_sample_economic_status.png, id=324, 520.344pt x 390.258pt>
File: ../figures/figure_sig_all_full_judgment_sample_economic_status.png Graphic file (type png)
<use ../figures/figure_sig_all_full_judgment_sample_economic_status.png>
Package pdftex.def Info: ../figures/figure_sig_all_full_judgment_sample_economic_status.png  used on input line 459.
(pdftex.def)             Requested size: 432.17375pt x 324.14629pt.
 [25 <../figures/figure_sig_all_full_judgment_sample_iri_ec.png>]
<../figures/figure_sig_all_full_judgment_sample_judged_outgroup.png, id=333, 520.344pt x 390.258pt>
File: ../figures/figure_sig_all_full_judgment_sample_judged_outgroup.png Graphic file (type png)
<use ../figures/figure_sig_all_full_judgment_sample_judged_outgroup.png>
Package pdftex.def Info: ../figures/figure_sig_all_full_judgment_sample_judged_outgroup.png  used on input line 472.
(pdftex.def)             Requested size: 432.17375pt x 324.14629pt.
 [26 <../figures/figure_sig_all_full_judgment_sample_economic_status.png>]
<../figures/figure_sig_all_full_judgment_sample_iri_pd.png, id=342, 520.344pt x 390.258pt>
File: ../figures/figure_sig_all_full_judgment_sample_iri_pd.png Graphic file (type png)
<use ../figures/figure_sig_all_full_judgment_sample_iri_pd.png>
Package pdftex.def Info: ../figures/figure_sig_all_full_judgment_sample_iri_pd.png  used on input line 485.
(pdftex.def)             Requested size: 432.17375pt x 324.14629pt.
 [27 <../figures/figure_sig_all_full_judgment_sample_judged_outgroup.png>] [28 <../figures/figure_sig_all_full_judgment_sample_iri_pd.png>] [29] [30] [31] [32] [33] [34] [35] [36] [37] [38] [39] [40] [41] [42] [43] [44] [45] [46] [47] [48] [49] [50] [51] [52] [53] [54] [55] [56] [57] [58] (./tobit_analysis_report_build.aux)
 ***********
LaTeX2e <2025-11-01>
L3 programming layer <2026-01-19>
 ***********
Package rerunfilecheck Info: File `tobit_analysis_report_build.out' has not changed.
(rerunfilecheck)             Checksum: C5DC4CBFB94EA71D427F4A85BBEECA0F;6317.
 ) 
Here is how much of TeX's memory you used:
 10691 strings out of 469515
 171301 string characters out of 5467662
 600149 words of memory out of 5000000
 39054 multiletter control sequences out of 15000+600000
 647347 words of font info for 95 fonts, out of 8000000 for 9000
 14 hyphenation exceptions out of 8191
 75i,14n,79p,10645b,520s stack positions out of 10000i,1000n,20000p,200000b,200000s
 <c:/Users/diego/AppData/Roaming/TinyTeX/texmf-var/fonts/pk/ljfour/jknappen/ec/ecrm1000.600pk> <c:/Users/diego/AppData/Roaming/TinyTeX/texmf-var/fonts/pk/ljfour/jknappen/ec/ecbx1200.600pk> <c:/Users/diego/AppData/Roaming/TinyTeX/texmf-var/fonts/pk/ljfour/jknappen/ec/ecbx1095.600pk> <c:/Users/diego/AppData/Roaming/TinyTeX/texmf-var/fonts/pk/ljfour/jknappen/ec/tcrm1095.600pk> <c:/Users/diego/AppData/Roaming/TinyTeX/texmf-var/fonts/pk/ljfour/jknappen/ec/ecrm1095.600pk> <c:/Users/diego/AppData/Roaming/TinyTeX/texmf-var/fonts/pk/ljfour/jknappen/ec/ecbx1440.600pk> <c:/Users/diego/AppData/Roaming/TinyTeX/texmf-var/fonts/pk/ljfour/jknappen/ec/ecrm1200.600pk> <c:/Users/diego/AppData/Roaming/TinyTeX/texmf-var/fonts/pk/ljfour/jknappen/ec/ecrm1728.600pk><c:/Users/diego/AppData/Roaming/TinyTeX/texmf-dist/fonts/type1/public/amsfonts/cm/cmbx10.pfb><c:/Users/diego/AppData/Roaming/TinyTeX/texmf-dist/fonts/type1/public/amsfonts/cm/cmmi10.pfb><c:/Users/diego/AppData/Roaming/TinyTeX/texmf-dist/fonts/type1/public/amsfonts/cm/cmmi8.pfb><c:/Users/diego/AppData/Roaming/TinyTeX/texmf-dist/fonts/type1/public/amsfonts/cm/cmmib10.pfb><c:/Users/diego/AppData/Roaming/TinyTeX/texmf-dist/fonts/type1/public/amsfonts/cm/cmr10.pfb><c:/Users/diego/AppData/Roaming/TinyTeX/texmf-dist/fonts/type1/public/amsfonts/cm/cmr8.pfb><c:/Users/diego/AppData/Roaming/TinyTeX/texmf-dist/fonts/type1/public/amsfonts/cm/cmsy10.pfb><c:/Users/diego/AppData/Roaming/TinyTeX/texmf-dist/fonts/type1/public/amsfonts/cm/cmsy8.pfb>
Output written on tobit_analysis_report_build.pdf (58 pages, 1017858 bytes).
PDF statistics:
 912 PDF objects out of 1000 (max. 8388607)
 481 compressed objects within 5 object streams
 152 named destinations out of 1000 (max. 500000)
 345 words of extra memory for PDF output out of 10000 (max. 10000000)

