This is pdfTeX, Version 3.141592653-2.6-1.40.29 (MiKTeX 26.2) (preloaded format=pdflatex 2026.3.4)  11 APR 2026 22:01
entering extended mode
 restricted \write18 enabled.
 %&-line parsing enabled.
**./tobit_analysis_report.tex
(tobit_analysis_report.tex
LaTeX2e <2025-11-01>
L3 programming layer <2026-01-19>
(C:\Users\LEONA\AppData\Local\Programs\MiKTeX\tex/latex/base\article.cls
Document Class: article 2025/01/22 v1.4n Standard LaTeX document class
(C:\Users\LEONA\AppData\Local\Programs\MiKTeX\tex/latex/base\size11.clo
File: size11.clo 2025/01/22 v1.4n Standard LaTeX file (size option)
)
\c@part=\count275
\c@section=\count276
\c@subsection=\count277
\c@subsubsection=\count278
\c@paragraph=\count279
\c@subparagraph=\count280
\c@figure=\count281
\c@table=\count282
\abovecaptionskip=\skip49
\belowcaptionskip=\skip50
\bibindent=\dimen148
)
(C:\Users\LEONA\AppData\Local\Programs\MiKTeX\tex/latex/geometry\geometry.sty
Package: geometry 2020/01/02 v5.9 Page Geometry

(C:\Users\LEONA\AppData\Local\Programs\MiKTeX\tex/latex/graphics\keyval.sty
Package: keyval 2022/05/29 v1.15 key=value parser (DPC)
\KV@toks@=\toks17
)
(C:\Users\LEONA\AppData\Local\Programs\MiKTeX\tex/generic/iftex\ifvtex.sty
Package: ifvtex 2019/10/25 v1.7 ifvtex legacy package. Use iftex instead.

(C:\Users\LEONA\AppData\Local\Programs\MiKTeX\tex/generic/iftex\iftex.sty
Package: iftex 2024/12/12 v1.0g TeX engine tests
))
\Gm@cnth=\count283
\Gm@cntv=\count284
\c@Gm@tempcnt=\count285
\Gm@bindingoffset=\dimen149
\Gm@wd@mp=\dimen150
\Gm@odd@mp=\dimen151
\Gm@even@mp=\dimen152
\Gm@layoutwidth=\dimen153
\Gm@layoutheight=\dimen154
\Gm@layouthoffset=\dimen155
\Gm@layoutvoffset=\dimen156
\Gm@dimlist=\toks18

(C:\Users\LEONA\AppData\Local\Programs\MiKTeX\tex/latex/geometry\geometry.cfg))
(C:\Users\LEONA\AppData\Local\Programs\MiKTeX\tex/latex/base\fontenc.sty
Package: fontenc 2025/07/18 v2.1d Standard LaTeX package
)
(C:\Users\LEONA\AppData\Local\Programs\MiKTeX\tex/latex/base\inputenc.sty
Package: inputenc 2024/02/08 v1.3d Input encoding file
\inpenc@prehook=\toks19
\inpenc@posthook=\toks20
)
(C:\Users\LEONA\AppData\Local\Programs\MiKTeX\tex/latex/amsmath\amsmath.sty
Package: amsmath 2025/07/09 v2.17z AMS math features
\@mathmargin=\skip51

For additional information on amsmath, use the `?' option.
(C:\Users\LEONA\AppData\Local\Programs\MiKTeX\tex/latex/amsmath\amstext.sty
Package: amstext 2024/11/17 v2.01 AMS text

(C:\Users\LEONA\AppData\Local\Programs\MiKTeX\tex/latex/amsmath\amsgen.sty
File: amsgen.sty 1999/11/30 v2.0 generic functions
\@emptytoks=\toks21
\ex@=\dimen157
))
(C:\Users\LEONA\AppData\Local\Programs\MiKTeX\tex/latex/amsmath\amsbsy.sty
Package: amsbsy 1999/11/29 v1.2d Bold Symbols
\pmbraise@=\dimen158
)
(C:\Users\LEONA\AppData\Local\Programs\MiKTeX\tex/latex/amsmath\amsopn.sty
Package: amsopn 2022/04/08 v2.04 operator names
)
\inf@bad=\count286
LaTeX Info: Redefining \frac on input line 233.
\uproot@=\count287
\leftroot@=\count288
LaTeX Info: Redefining \overline on input line 398.
LaTeX Info: Redefining \colon on input line 409.
\classnum@=\count289
\DOTSCASE@=\count290
LaTeX Info: Redefining \ldots on input line 495.
LaTeX Info: Redefining \dots on input line 498.
LaTeX Info: Redefining \cdots on input line 619.
\Mathstrutbox@=\box53
\strutbox@=\box54
LaTeX Info: Redefining \big on input line 721.
LaTeX Info: Redefining \Big on input line 722.
LaTeX Info: Redefining \bigg on input line 723.
LaTeX Info: Redefining \Bigg on input line 724.
\big@size=\dimen159
LaTeX Font Info:    Redeclaring font encoding OML on input line 742.
LaTeX Font Info:    Redeclaring font encoding OMS on input line 743.
\macc@depth=\count291
LaTeX Info: Redefining \bmod on input line 904.
LaTeX Info: Redefining \pmod on input line 909.
LaTeX Info: Redefining \smash on input line 939.
LaTeX Info: Redefining \relbar on input line 969.
LaTeX Info: Redefining \Relbar on input line 970.
\c@MaxMatrixCols=\count292
\dotsspace@=\muskip17
\c@parentequation=\count293
\dspbrk@lvl=\count294
\tag@help=\toks22
\row@=\count295
\column@=\count296
\maxfields@=\count297
\andhelp@=\toks23
\eqnshift@=\dimen160
\alignsep@=\dimen161
\tagshift@=\dimen162
\tagwidth@=\dimen163
\totwidth@=\dimen164
\lineht@=\dimen165
\@envbody=\toks24
\multlinegap=\skip52
\multlinetaggap=\skip53
\mathdisplay@stack=\toks25
LaTeX Info: Redefining \[ on input line 2950.
LaTeX Info: Redefining \] on input line 2951.
)
(C:\Users\LEONA\AppData\Local\Programs\MiKTeX\tex/latex/amsfonts\amssymb.sty
Package: amssymb 2013/01/14 v3.01 AMS font symbols

(C:\Users\LEONA\AppData\Local\Programs\MiKTeX\tex/latex/amsfonts\amsfonts.sty
Package: amsfonts 2013/01/14 v3.01 Basic AMSFonts support
\symAMSa=\mathgroup4
\symAMSb=\mathgroup5
LaTeX Font Info:    Redeclaring math symbol \hbar on input line 98.
LaTeX Font Info:    Overwriting math alphabet `\mathfrak' in version `bold'
(Font)                  U/euf/m/n --> U/euf/b/n on input line 106.
)) (C:\Users\LEONA\AppData\Local\Programs\MiKTeX\tex/latex/graphics\graphicx.st
y
Package: graphicx 2024/12/31 v1.2e Enhanced LaTeX Graphics (DPC,SPQR)

(C:\Users\LEONA\AppData\Local\Programs\MiKTeX\tex/latex/graphics\graphics.sty
Package: graphics 2024/08/06 v1.4g Standard LaTeX Graphics (DPC,SPQR)

(C:\Users\LEONA\AppData\Local\Programs\MiKTeX\tex/latex/graphics\trig.sty
Package: trig 2023/12/02 v1.11 sin cos tan (DPC)
)
(C:\Users\LEONA\AppData\Local\Programs\MiKTeX\tex/latex/graphics-cfg\graphics.c
fg
File: graphics.cfg 2016/06/04 v1.11 sample graphics configuration
)
Package graphics Info: Driver file: pdftex.def on input line 106.

(C:\Users\LEONA\AppData\Local\Programs\MiKTeX\tex/latex/graphics-def\pdftex.def
File: pdftex.def 2025/09/29 v1.2d Graphics/color driver for pdftex
))
\Gin@req@height=\dimen166
\Gin@req@width=\dimen167
) (C:\Users\LEONA\AppData\Local\Programs\MiKTeX\tex/latex/tools\array.sty
Package: array 2025/09/25 v2.6n Tabular extension package (FMi)
\col@sep=\dimen168
\ar@mcellbox=\box55
\extrarowheight=\dimen169
\NC@list=\toks26
\extratabsurround=\skip54
\backup@length=\skip55
\ar@cellbox=\box56
)
(C:\Users\LEONA\AppData\Local\Programs\MiKTeX\tex/latex/tools\tabularx.sty
Package: tabularx 2023/12/11 v2.12a `tabularx' package (DPC)
\TX@col@width=\dimen170
\TX@old@table=\dimen171
\TX@old@col=\dimen172
\TX@target=\dimen173
\TX@delta=\dimen174
\TX@cols=\count298
\TX@ftn=\toks27
)
(C:\Users\LEONA\AppData\Local\Programs\MiKTeX\tex/latex/booktabs\booktabs.sty
Package: booktabs 2020/01/12 v1.61803398 Publication quality tables
\heavyrulewidth=\dimen175
\lightrulewidth=\dimen176
\cmidrulewidth=\dimen177
\belowrulesep=\dimen178
\belowbottomsep=\dimen179
\aboverulesep=\dimen180
\abovetopsep=\dimen181
\cmidrulesep=\dimen182
\cmidrulekern=\dimen183
\defaultaddspace=\dimen184
\@cmidla=\count299
\@cmidlb=\count300
\@aboverulesep=\dimen185
\@belowrulesep=\dimen186
\@thisruleclass=\count301
\@lastruleclass=\count302
\@thisrulewidth=\dimen187
)
(C:\Users\LEONA\AppData\Local\Programs\MiKTeX\tex/latex/float\float.sty
Package: float 2001/11/08 v1.3d Float enhancements (AL)
\c@float@type=\count303
\float@exts=\toks28
\float@box=\box57
\@float@everytoks=\toks29
\@floatcapt=\box58
)
(C:\Users\LEONA\AppData\Local\Programs\MiKTeX\tex/latex/hyperref\hyperref.sty
Package: hyperref 2026-01-29 v7.01p Hypertext links for LaTeX

(C:\Users\LEONA\AppData\Local\Programs\MiKTeX\tex/latex/kvsetkeys\kvsetkeys.sty
Package: kvsetkeys 2022-10-05 v1.19 Key value parser (HO)
)
(C:\Users\LEONA\AppData\Local\Programs\MiKTeX\tex/generic/kvdefinekeys\kvdefine
keys.sty
Package: kvdefinekeys 2019-12-19 v1.6 Define keys (HO)
)
(C:\Users\LEONA\AppData\Local\Programs\MiKTeX\tex/generic/pdfescape\pdfescape.s
ty
Package: pdfescape 2019/12/09 v1.15 Implements pdfTeX's escape features (HO)

(C:\Users\LEONA\AppData\Local\Programs\MiKTeX\tex/generic/ltxcmds\ltxcmds.sty
Package: ltxcmds 2023-12-04 v1.26 LaTeX kernel commands for general use (HO)
)
(C:\Users\LEONA\AppData\Local\Programs\MiKTeX\tex/generic/pdftexcmds\pdftexcmds
.sty
Package: pdftexcmds 2020-06-27 v0.33 Utility functions of pdfTeX for LuaTeX (HO
)

(C:\Users\LEONA\AppData\Local\Programs\MiKTeX\tex/generic/infwarerr\infwarerr.s
ty
Package: infwarerr 2019/12/03 v1.5 Providing info/warning/error messages (HO)
)
Package pdftexcmds Info: \pdf@primitive is available.
Package pdftexcmds Info: \pdf@ifprimitive is available.
Package pdftexcmds Info: \pdfdraftmode found.
))
(C:\Users\LEONA\AppData\Local\Programs\MiKTeX\tex/latex/hycolor\hycolor.sty
Package: hycolor 2020-01-27 v1.10 Color options for hyperref/bookmark (HO)
)
(C:\Users\LEONA\AppData\Local\Programs\MiKTeX\tex/latex/hyperref\nameref.sty
Package: nameref 2026-01-29 v2.58 Cross-referencing by name of section

(C:\Users\LEONA\AppData\Local\Programs\MiKTeX\tex/latex/refcount\refcount.sty
Package: refcount 2019/12/15 v3.6 Data extraction from label references (HO)
)
(C:\Users\LEONA\AppData\Local\Programs\MiKTeX\tex/generic/gettitlestring\gettit
lestring.sty
Package: gettitlestring 2019/12/15 v1.6 Cleanup title references (HO)

(C:\Users\LEONA\AppData\Local\Programs\MiKTeX\tex/latex/kvoptions\kvoptions.sty
Package: kvoptions 2022-06-15 v3.15 Key value format for package options (HO)
))
\c@section@level=\count304
)
(C:\Users\LEONA\AppData\Local\Programs\MiKTeX\tex/latex/etoolbox\etoolbox.sty
Package: etoolbox 2025/10/02 v2.5m e-TeX tools for LaTeX (JAW)
\etb@tempcnta=\count305
)
(C:\Users\LEONA\AppData\Local\Programs\MiKTeX\tex/generic/stringenc\stringenc.s
ty
Package: stringenc 2019/11/29 v1.12 Convert strings between diff. encodings (HO
)
)
\@linkdim=\dimen188
\Hy@linkcounter=\count306
\Hy@pagecounter=\count307
 (C:\Users\LEONA\AppData\Local\Programs\MiKTeX\tex/latex/hyperref\pd1enc.def
File: pd1enc.def 2026-01-29 v7.01p Hyperref: PDFDocEncoding definition (HO)
Now handling font encoding PD1 ...
... no UTF-8 mapping file for font encoding PD1
) (C:\Users\LEONA\AppData\Local\Programs\MiKTeX\tex/generic/intcalc\intcalc.sty
Package: intcalc 2019/12/15 v1.3 Expandable calculations with integers (HO)
)
\Hy@SavedSpaceFactor=\count308
 (C:\Users\LEONA\AppData\Local\Programs\MiKTeX\tex/latex/hyperref\puenc.def
File: puenc.def 2026-01-29 v7.01p Hyperref: PDF Unicode definition (HO)
Now handling font encoding PU ...
... no UTF-8 mapping file for font encoding PU
)
Package hyperref Info: Hyper figures OFF on input line 4201.
Package hyperref Info: Link nesting OFF on input line 4206.
Package hyperref Info: Hyper index ON on input line 4209.
Package hyperref Info: Plain pages OFF on input line 4216.
Package hyperref Info: Backreferencing OFF on input line 4221.
Package hyperref Info: Implicit mode ON; LaTeX internals redefined.
Package hyperref Info: Bookmarks ON on input line 4468.
\c@Hy@tempcnt=\count309

(C:\Users\LEONA\AppData\Local\Programs\MiKTeX\tex/latex/url\url.sty
\Urlmuskip=\muskip18
Package: url 2013/09/16  ver 3.4  Verb mode for urls, etc.
)
LaTeX Info: Redefining \url on input line 4807.
\XeTeXLinkMargin=\dimen189

(C:\Users\LEONA\AppData\Local\Programs\MiKTeX\tex/generic/bitset\bitset.sty
Package: bitset 2019/12/09 v1.3 Handle bit-vector datatype (HO)

(C:\Users\LEONA\AppData\Local\Programs\MiKTeX\tex/generic/bigintcalc\bigintcalc
.sty
Package: bigintcalc 2019/12/15 v1.5 Expandable calculations on big integers (HO
)
))
\Fld@menulength=\count310
\Field@Width=\dimen190
\Fld@charsize=\dimen191
Package hyperref Info: Hyper figures OFF on input line 6084.
Package hyperref Info: Link nesting OFF on input line 6089.
Package hyperref Info: Hyper index ON on input line 6092.
Package hyperref Info: backreferencing OFF on input line 6099.
Package hyperref Info: Link coloring OFF on input line 6104.
Package hyperref Info: Link coloring with OCG OFF on input line 6109.
Package hyperref Info: PDF/A mode OFF on input line 6114.
\Hy@abspage=\count311
\c@Item=\count312
\c@Hfootnote=\count313
)
Package hyperref Info: Driver (autodetected): hpdftex.

(C:\Users\LEONA\AppData\Local\Programs\MiKTeX\tex/latex/hyperref\hpdftex.def
File: hpdftex.def 2026-01-29 v7.01p Hyperref driver for pdfTeX
\Fld@listcount=\count314
\c@bookmark@seq@number=\count315

(C:\Users\LEONA\AppData\Local\Programs\MiKTeX\tex/latex/rerunfilecheck\rerunfil
echeck.sty
Package: rerunfilecheck 2025-06-21 v1.11 Rerun checks for auxiliary files (HO)

(C:\Users\LEONA\AppData\Local\Programs\MiKTeX\tex/generic/uniquecounter\uniquec
ounter.sty
Package: uniquecounter 2019/12/15 v1.4 Provide unlimited unique counter (HO)
)
Package uniquecounter Info: New unique counter `rerunfilecheck' on input line 2
84.
)
\Hy@SectionHShift=\skip56
)
(C:\Users\LEONA\AppData\Local\Programs\MiKTeX\tex/latex/l3backend\l3backend-pdf
tex.def
File: l3backend-pdftex.def 2025-10-09 L3 backend support: PDF output (pdfTeX)
\l__color_backend_stack_int=\count316
) (tobit_analysis_report_build.aux)
\openout1 = `tobit_analysis_report_build.aux'.

LaTeX Font Info:    Checking defaults for OML/cmm/m/it on input line 15.
LaTeX Font Info:    ... okay on input line 15.
LaTeX Font Info:    Checking defaults for OMS/cmsy/m/n on input line 15.
LaTeX Font Info:    ... okay on input line 15.
LaTeX Font Info:    Checking defaults for OT1/cmr/m/n on input line 15.
LaTeX Font Info:    ... okay on input line 15.
LaTeX Font Info:    Checking defaults for T1/cmr/m/n on input line 15.
LaTeX Font Info:    ... okay on input line 15.
LaTeX Font Info:    Checking defaults for TS1/cmr/m/n on input line 15.
LaTeX Font Info:    ... okay on input line 15.
LaTeX Font Info:    Checking defaults for OMX/cmex/m/n on input line 15.
LaTeX Font Info:    ... okay on input line 15.
LaTeX Font Info:    Checking defaults for U/cmr/m/n on input line 15.
LaTeX Font Info:    ... okay on input line 15.
LaTeX Font Info:    Checking defaults for PD1/pdf/m/n on input line 15.
LaTeX Font Info:    ... okay on input line 15.
LaTeX Font Info:    Checking defaults for PU/pdf/m/n on input line 15.
LaTeX Font Info:    ... okay on input line 15.

*geometry* driver: auto-detecting
*geometry* detected driver: pdftex
*geometry* verbose mode - [ preamble ] result:
* driver: pdftex
* paper: <default>
* layout: <same size as paper>
* layoutoffset:(h,v)=(0.0pt,0.0pt)
* modes: 
* h-part:(L,W,R)=(72.26999pt, 469.75502pt, 72.26999pt)
* v-part:(T,H,B)=(72.26999pt, 650.43001pt, 72.26999pt)
* \paperwidth=614.295pt
* \paperheight=794.96999pt
* \textwidth=469.75502pt
* \textheight=650.43001pt
* \oddsidemargin=0.0pt
* \evensidemargin=0.0pt
* \topmargin=-37.0pt
* \headheight=12.0pt
* \headsep=25.0pt
* \topskip=11.0pt
* \footskip=30.0pt
* \marginparwidth=59.0pt
* \marginparsep=10.0pt
* \columnsep=10.0pt
* \skip\footins=10.0pt plus 4.0pt minus 2.0pt
* \hoffset=0.0pt
* \voffset=0.0pt
* \mag=1000
* \@twocolumnfalse
* \@twosidefalse
* \@mparswitchfalse
* \@reversemarginfalse
* (1in=72.27pt=25.4mm, 1cm=28.453pt)


(C:\Users\LEONA\AppData\Local\Programs\MiKTeX\tex/context/base/mkii\supp-pdf.mk
ii
[Loading MPS to PDF converter (version 2006.09.02).]
\scratchcounter=\count317
\scratchdimen=\dimen192
\scratchbox=\box59
\nofMPsegments=\count318
\nofMParguments=\count319
\everyMPshowfont=\toks30
\MPscratchCnt=\count320
\MPscratchDim=\dimen193
\MPnumerator=\count321
\makeMPintoPDFobject=\count322
\everyMPtoPDFconversion=\toks31
)
(C:\Users\LEONA\AppData\Local\Programs\MiKTeX\tex/latex/epstopdf-pkg\epstopdf-b
ase.sty
Package: epstopdf-base 2020-01-24 v2.11 Base part for package epstopdf
Package epstopdf-base Info: Redefining graphics rule for `.eps' on input line 4
85.

(C:\Users\LEONA\AppData\Local\Programs\MiKTeX\tex/latex/00miktex\epstopdf-sys.c
fg
File: epstopdf-sys.cfg 2021/03/18 v2.0 Configuration of epstopdf for MiKTeX
))
Package hyperref Info: Link coloring OFF on input line 15.
 (tobit_analysis_report_build.out) (tobit_analysis_report_build.out)
\@outlinefile=\write3
\openout3 = `tobit_analysis_report_build.out'.

LaTeX Font Info:    Trying to load font information for U+msa on input line 17.


(C:\Users\LEONA\AppData\Local\Programs\MiKTeX\tex/latex/amsfonts\umsa.fd
File: umsa.fd 2013/01/14 v3.01 AMS symbols A
)
LaTeX Font Info:    Trying to load font information for U+msb on input line 17.


(C:\Users\LEONA\AppData\Local\Programs\MiKTeX\tex/latex/amsfonts\umsb.fd
File: umsb.fd 2013/01/14 v3.01 AMS symbols B
)
[1

{C:/Users/LEONA/AppData/Local/MiKTeX/fonts/map/pdftex/pdftex.map}]
Overfull \hbox (0.20734pt too wide) in paragraph at lines 59--60
[]\T1/cmtt/m/n/10.95 bystander_victim_groupOut \T1/cmr/m/n/10.95 [B-V Out]: Bys
tander-victim out-group con-trast with bystander-
 []


Overfull \hbox (20.47763pt too wide) in paragraph at lines 63--64
[]\T1/cmtt/m/n/10.95 bystander_victim_group*:bystander_N1_group* \T1/cmr/m/n/10
.95 [B-V x B-N1]: Bystander-victim by bystander-
 []


Overfull \hbox (20.47763pt too wide) in paragraph at lines 64--65
[]\T1/cmtt/m/n/10.95 bystander_victim_group*:bystander_N2_group* \T1/cmr/m/n/10
.95 [B-V x B-N2]: Bystander-victim by bystander-
 []

[2]
Overfull \hbox (54.43582pt too wide) in paragraph at lines 79--80
[]\T1/cmr/bx/n/10.95 Discrete by Dis-crete In-ter-ac-tions: \T1/cmr/m/n/10.95 F
or terms like \T1/cmtt/m/n/10.95 bystander_N1_groupOut:bystander_N2_groupOut\T1
/cmr/m/n/10.95 ,
 []


Overfull \hbox (3.42195pt too wide) in paragraph at lines 86--87
\T1/cmr/m/n/10.95 tus in-di-ca-tors within each role-specific model while re-ta
in-ing re-la-tional con-trols and participant-
 []

[3]
Overfull \hbox (161.5842pt too wide) detected at line 102
\OML/cmm/m/it/10.95 y[] \OT1/cmr/m/n/10.95 = \OML/cmm/m/it/10.95 ^^L[] \OT1/cmr
/m/n/10.95 + \OML/cmm/m/it/10.95 ^^L[][][] \OT1/cmr/m/n/10.95 + \OML/cmm/m/it/1
0.95 ^^M[][][] \OT1/cmr/m/n/10.95 + \OML/cmm/m/it/10.95 ^^M[][][] \OT1/cmr/m/n/
10.95 + \OML/cmm/m/it/10.95 ^^M[]\OT1/cmr/m/n/10.95 ([][] \OMS/cmsy/m/n/10.95 ^
^B [][]\OT1/cmr/m/n/10.95 ) + \OML/cmm/m/it/10.95 ^^M[][][] \OT1/cmr/m/n/10.95 
+ [][]\OT1/cmr/bx/n/10.95 Z[] \OT1/cmr/m/n/10.95 + \OML/cmm/m/it/10.95 u[] \OT1
/cmr/m/n/10.95 + \OML/cmm/m/it/10.95 v[] \OT1/cmr/m/n/10.95 + \OML/cmm/m/it/10.
95 ^^O[]
 []


Overfull \hbox (184.23506pt too wide) detected at line 106
\OML/cmm/m/it/10.95 y[] \OT1/cmr/m/n/10.95 = \OML/cmm/m/it/10.95 ^^L[] \OT1/cmr
/m/n/10.95 + \OML/cmm/m/it/10.95 ^^L[][][] \OT1/cmr/m/n/10.95 + \OML/cmm/m/it/1
0.95 ^^Q[][] \OT1/cmr/m/n/10.95 + [][]([][] \OMS/cmsy/m/n/10.95 ^^B [][]\OT1/cm
r/m/n/10.95 ) + [][]\OT1/cmr/bx/n/10.95 R[] \OT1/cmr/m/n/10.95 + \OML/cmm/m/it/
10.95 ^^M[][][] \OT1/cmr/m/n/10.95 + [][]\OT1/cmr/bx/n/10.95 Z[] \OT1/cmr/m/n/1
0.95 + \OML/cmm/m/it/10.95 u[] \OT1/cmr/m/n/10.95 + \OML/cmm/m/it/10.95 v[] \OT
1/cmr/m/n/10.95 + \OML/cmm/m/it/10.95 ^^O[]
 []


Overfull \hbox (380.43826pt too wide) detected at line 110
\OML/cmm/m/it/10.95 y[] \OT1/cmr/m/n/10.95 = \OML/cmm/m/it/10.95 ^^L[] \OT1/cmr
/m/n/10.95 + \OML/cmm/m/it/10.95 ^^L[][][] \OT1/cmr/m/n/10.95 + [][]\OT1/cmr/bx
/n/10.95 G[] \OT1/cmr/m/n/10.95 + [][]([][] \OMS/cmsy/m/n/10.95 ^^B \OT1/cmr/bx
/n/10.95 G[]\OT1/cmr/m/n/10.95 ) + \OML/cmm/m/it/10.95 ^^T[]\OT1/cmr/m/n/10.95 
([][] \OMS/cmsy/m/n/10.95 ^^B [][]\OT1/cmr/m/n/10.95 ) + \OML/cmm/m/it/10.95 ^^
T[]\OT1/cmr/m/n/10.95 ([][] \OMS/cmsy/m/n/10.95 ^^B [][]\OT1/cmr/m/n/10.95 ) + 
\OML/cmm/m/it/10.95 ^^L[][][] \OT1/cmr/m/n/10.95 + [][]\OT1/cmr/bx/n/10.95 Z[] 
\OT1/cmr/m/n/10.95 + \OML/cmm/m/it/10.95 u[] \OT1/cmr/m/n/10.95 + \OML/cmm/m/it
/10.95 v[] \OT1/cmr/m/n/10.95 + \OML/cmm/m/it/10.95 ^^O[]
 []


Package hyperref Warning: Difference (2) between bookmark levels is greater 
(hyperref)                than one, level fixed on input line 120.

<../figures/figure_03_iri_latent_variable_averages.png, id=135, 578.16pt x 361.
35pt>
File: ../figures/figure_03_iri_latent_variable_averages.png Graphic file (type 
png)
<use ../figures/figure_03_iri_latent_variable_averages.png>
Package pdftex.def Info: ../figures/figure_03_iri_latent_variable_averages.png 
 used on input line 140.
(pdftex.def)             Requested size: 432.17375pt x 270.10757pt.
[4]
<../figures/figure_04_judgment_distributions_by_n1_status.png, id=147, 722.7pt 
x 433.62pt>
File: ../figures/figure_04_judgment_distributions_by_n1_status.png Graphic file
 (type png)
<use ../figures/figure_04_judgment_distributions_by_n1_status.png>
Package pdftex.def Info: ../figures/figure_04_judgment_distributions_by_n1_stat
us.png  used on input line 147.
(pdftex.def)             Requested size: 432.17375pt x 259.30724pt.
<../figures/figure_06_victim_subset_judgment_distributions_across_six_case_conf
igurations.png, id=148, 1084.05pt x 578.16pt>
File: ../figures/figure_06_victim_subset_judgment_distributions_across_six_case
_configurations.png Graphic file (type png)
<use ../figures/figure_06_victim_subset_judgment_distributions_across_six_case_
configurations.png>
Package pdftex.def Info: ../figures/figure_06_victim_subset_judgment_distributi
ons_across_six_case_configurations.png  used on input line 153.
(pdftex.def)             Requested size: 432.17375pt x 230.49239pt.
 [5 <../figures/figure_03_iri_latent_variable_averages.png>]
<../figures/figure_07_bystander_subset_judgment_distributions_across_six_case_c
onfigurations.png, id=161, 1084.05pt x 578.16pt>
File: ../figures/figure_07_bystander_subset_judgment_distributions_across_six_c
ase_configurations.png Graphic file (type png)
<use ../figures/figure_07_bystander_subset_judgment_distributions_across_six_ca
se_configurations.png>
Package pdftex.def Info: ../figures/figure_07_bystander_subset_judgment_distrib
utions_across_six_case_configurations.png  used on input line 159.
(pdftex.def)             Requested size: 432.17375pt x 230.49239pt.
<../figures/figure_08_accepted_harmful_deal_judgment_distributions_across_six_c
ase_configurations.png, id=162, 1084.05pt x 303.534pt>
File: ../figures/figure_08_accepted_harmful_deal_judgment_distributions_across_
six_case_configurations.png Graphic file (type png)
<use ../figures/figure_08_accepted_harmful_deal_judgment_distributions_across_s
ix_case_configurations.png>
Package pdftex.def Info: ../figures/figure_08_accepted_harmful_deal_judgment_di
stributions_across_six_case_configurations.png  used on input line 165.
(pdftex.def)             Requested size: 432.17375pt x 121.0085pt.
 [6 <../figures/figure_04_judgment_distributions_by_n1_status.png> <../figures/
figure_06_victim_subset_judgment_distributions_across_six_case_configurations.p
ng>]
<../figures/figure_09_rejected_harmful_deal_judgment_distributions_across_six_c
ase_configurations.png, id=169, 1084.05pt x 303.534pt>
File: ../figures/figure_09_rejected_harmful_deal_judgment_distributions_across_
six_case_configurations.png Graphic file (type png)
<use ../figures/figure_09_rejected_harmful_deal_judgment_distributions_across_s
ix_case_configurations.png>
Package pdftex.def Info: ../figures/figure_09_rejected_harmful_deal_judgment_di
stributions_across_six_case_configurations.png  used on input line 171.
(pdftex.def)             Requested size: 432.17375pt x 121.0085pt.
 [7 <../figures/figure_07_bystander_subset_judgment_distributions_across_six_ca
se_configurations.png> <../figures/figure_08_accepted_harmful_deal_judgment_dis
tributions_across_six_case_configurations.png> <../figures/figure_09_rejected_h
armful_deal_judgment_distributions_across_six_case_configurations.png>]
<../figures/figure_05_bivariate_scatters_iri_scales_vs_mean_judgment.png, id=17
9, 867.24pt x 303.534pt>
File: ../figures/figure_05_bivariate_scatters_iri_scales_vs_mean_judgment.png G
raphic file (type png)
<use ../figures/figure_05_bivariate_scatters_iri_scales_vs_mean_judgment.png>
Package pdftex.def Info: ../figures/figure_05_bivariate_scatters_iri_scales_vs_
mean_judgment.png  used on input line 199.
(pdftex.def)             Requested size: 432.17375pt x 151.26178pt.


Package tabularx Warning: X Columns too narrow (table too wide)
(tabularx)                 on input line 223.


Overfull \hbox (41.55377pt too wide) in paragraph at lines 223--223
[]|\T1/cmr/m/n/10.95 Hypothesis|  
 []


Overfull \hbox (2.7171pt too wide) in paragraph at lines 223--223
[]|\T1/cmr/m/n/10.95 H1|  
 []


Overfull \hbox (2.7171pt too wide) in paragraph at lines 223--223
[]|\T1/cmr/m/n/10.95 H1|  
 []


Overfull \hbox (2.7171pt too wide) in paragraph at lines 223--223
[]|\T1/cmr/m/n/10.95 H2|  
 []


Overfull \hbox (2.7171pt too wide) in paragraph at lines 223--223
[]|\T1/cmr/m/n/10.95 H2|  
 []


Overfull \hbox (2.7171pt too wide) in paragraph at lines 223--223
[]|\T1/cmr/m/n/10.95 H3|  
 []


Overfull \hbox (2.7171pt too wide) in paragraph at lines 223--223
[]|\T1/cmr/m/n/10.95 H3|  
 []


Overfull \hbox (107.71033pt too wide) in alignment at lines 223--223
[][][][][][][][][] 
 []

[8 <../figures/figure_05_bivariate_scatters_iri_scales_vs_mean_judgment.png>]
[9]
<../figures/figure_sig_H1_iri_pt_h1_empathy_perspective_taking.png, id=197, 635
.976pt x 448.074pt>
File: ../figures/figure_sig_H1_iri_pt_h1_empathy_perspective_taking.png Graphic
 file (type png)
<use ../figures/figure_sig_H1_iri_pt_h1_empathy_perspective_taking.png>
Package pdftex.def Info: ../figures/figure_sig_H1_iri_pt_h1_empathy_perspective
_taking.png  used on input line 286.
(pdftex.def)             Requested size: 432.17375pt x 304.488pt.
 [10]
<../figures/figure_sig_H2_bystander_victim_groupout_h2_bystander_victim_outgrou
p_ref_ingroup.png, id=207, 635.976pt x 448.074pt>
File: ../figures/figure_sig_H2_bystander_victim_groupout_h2_bystander_victim_ou
tgroup_ref_ingroup.png Graphic file (type png)
<use ../figures/figure_sig_H2_bystander_victim_groupout_h2_bystander_victim_out
group_ref_ingroup.png>
Package pdftex.def Info: ../figures/figure_sig_H2_bystander_victim_groupout_h2_
bystander_victim_outgroup_ref_ingroup.png  used on input line 297.
(pdftex.def)             Requested size: 432.17375pt x 304.488pt.
 [11 <../figures/figure_sig_H1_iri_pt_h1_empathy_perspective_taking.png>]
<../figures/figure_sig_H2_victim_n2_groupin_h2_victim_n2_ingroup_ref_control.pn
g, id=216, 635.976pt x 448.074pt>
File: ../figures/figure_sig_H2_victim_n2_groupin_h2_victim_n2_ingroup_ref_contr
ol.png Graphic file (type png)
<use ../figures/figure_sig_H2_victim_n2_groupin_h2_victim_n2_ingroup_ref_contro
l.png>
Package pdftex.def Info: ../figures/figure_sig_H2_victim_n2_groupin_h2_victim_n
2_ingroup_ref_control.png  used on input line 306.
(pdftex.def)             Requested size: 432.17375pt x 304.488pt.
 [12 <../figures/figure_sig_H2_bystander_victim_groupout_h2_bystander_victim_ou
tgroup_ref_ingroup.png>]
Overfull \hbox (2.37755pt too wide) in paragraph at lines 311--312
[]\T1/cmr/m/n/10.95 Bystander-N2: Out-group (ref = Con-trol) is sta-tis-ti-call
y sig-nif-i-cant in the To-bit random-intercepts
 []

<../figures/figure_sig_H2_bystander_n2_groupout_h2_bystander_n2_outgroup_ref_co
ntrol.png, id=224, 635.976pt x 448.074pt>
File: ../figures/figure_sig_H2_bystander_n2_groupout_h2_bystander_n2_outgroup_r
ef_control.png Graphic file (type png)
<use ../figures/figure_sig_H2_bystander_n2_groupout_h2_bystander_n2_outgroup_re
f_control.png>
Package pdftex.def Info: ../figures/figure_sig_H2_bystander_n2_groupout_h2_byst
ander_n2_outgroup_ref_control.png  used on input line 315.
(pdftex.def)             Requested size: 432.17375pt x 304.488pt.
[13 <../figures/figure_sig_H2_victim_n2_groupin_h2_victim_n2_ingroup_ref_contro
l.png>]
<../figures/figure_sig_H2_bystander_n2_groupin_h2_bystander_n2_ingroup_ref_cont
rol.png, id=233, 635.976pt x 448.074pt>
File: ../figures/figure_sig_H2_bystander_n2_groupin_h2_bystander_n2_ingroup_ref
_control.png Graphic file (type png)
<use ../figures/figure_sig_H2_bystander_n2_groupin_h2_bystander_n2_ingroup_ref_
control.png>
Package pdftex.def Info: ../figures/figure_sig_H2_bystander_n2_groupin_h2_bysta
nder_n2_ingroup_ref_control.png  used on input line 324.
(pdftex.def)             Requested size: 432.17375pt x 304.488pt.
 [14 <../figures/figure_sig_H2_bystander_n2_groupout_h2_bystander_n2_outgroup_r
ef_control.png>]
<../figures/figure_sig_H2_bystander_n1_groupin_bystander_n2_groupin_h2_bystande
r_n1_ingroup_ref_control_x_bystander_n2_ingroup_ref_control.png, id=241, 635.97
6pt x 534.798pt>
File: ../figures/figure_sig_H2_bystander_n1_groupin_bystander_n2_groupin_h2_bys
tander_n1_ingroup_ref_control_x_bystander_n2_ingroup_ref_control.png Graphic fi
le (type png)
<use ../figures/figure_sig_H2_bystander_n1_groupin_bystander_n2_groupin_h2_byst
ander_n1_ingroup_ref_control_x_bystander_n2_ingroup_ref_control.png>
Package pdftex.def Info: ../figures/figure_sig_H2_bystander_n1_groupin_bystande
r_n2_groupin_h2_bystander_n1_ingroup_ref_control_x_bystander_n2_ingroup_ref_con
trol.png  used on input line 333.
(pdftex.def)             Requested size: 432.17375pt x 363.42117pt.
 [15 <../figures/figure_sig_H2_bystander_n2_groupin_h2_bystander_n2_ingroup_ref
_control.png>]
<../figures/figure_sig_H3_iri_pt_victim_n1_groupout_h3_empathy_perspective_taki
ng_x_victim_n1_outgroup_ref_control.png, id=249, 635.976pt x 534.798pt>
File: ../figures/figure_sig_H3_iri_pt_victim_n1_groupout_h3_empathy_perspective
_taking_x_victim_n1_outgroup_ref_control.png Graphic file (type png)
<use ../figures/figure_sig_H3_iri_pt_victim_n1_groupout_h3_empathy_perspective_
taking_x_victim_n1_outgroup_ref_control.png>
Package pdftex.def Info: ../figures/figure_sig_H3_iri_pt_victim_n1_groupout_h3_
empathy_perspective_taking_x_victim_n1_outgroup_ref_control.png  used on input 
line 344.
(pdftex.def)             Requested size: 432.17375pt x 363.42117pt.
 [16 <../figures/figure_sig_H2_bystander_n1_groupin_bystander_n2_groupin_h2_bys
tander_n1_ingroup_ref_control_x_bystander_n2_ingroup_ref_control.png>]
<../figures/figure_sig_H3_iri_ec_victim_n1_groupout_h3_empathy_empathic_concern
_x_victim_n1_outgroup_ref_control.png, id=258, 635.976pt x 534.798pt>
File: ../figures/figure_sig_H3_iri_ec_victim_n1_groupout_h3_empathy_empathic_co
ncern_x_victim_n1_outgroup_ref_control.png Graphic file (type png)
<use ../figures/figure_sig_H3_iri_ec_victim_n1_groupout_h3_empathy_empathic_con
cern_x_victim_n1_outgroup_ref_control.png>
Package pdftex.def Info: ../figures/figure_sig_H3_iri_ec_victim_n1_groupout_h3_
empathy_empathic_concern_x_victim_n1_outgroup_ref_control.png  used on input li
ne 353.
(pdftex.def)             Requested size: 432.17375pt x 363.42117pt.
 [17 <../figures/figure_sig_H3_iri_pt_victim_n1_groupout_h3_empathy_perspective
_taking_x_victim_n1_outgroup_ref_control.png>]
<../figures/figure_sig_H3_bystander_n1_groupout_iri_fs_h3_bystander_n1_outgroup
_ref_control_x_empathy_fantasy_scale.png, id=266, 635.976pt x 534.798pt>
File: ../figures/figure_sig_H3_bystander_n1_groupout_iri_fs_h3_bystander_n1_out
group_ref_control_x_empathy_fantasy_scale.png Graphic file (type png)
<use ../figures/figure_sig_H3_bystander_n1_groupout_iri_fs_h3_bystander_n1_outg
roup_ref_control_x_empathy_fantasy_scale.png>
Package pdftex.def Info: ../figures/figure_sig_H3_bystander_n1_groupout_iri_fs_
h3_bystander_n1_outgroup_ref_control_x_empathy_fantasy_scale.png  used on input
 line 362.
(pdftex.def)             Requested size: 432.17375pt x 363.42117pt.

[18 <../figures/figure_sig_H3_iri_ec_victim_n1_groupout_h3_empathy_empathic_con
cern_x_victim_n1_outgroup_ref_control.png>]
<../figures/figure_sig_H3_bystander_victim_groupout_iri_pd_h3_bystander_victim_
outgroup_ref_ingroup_x_empathy_personal_distress.png, id=274, 635.976pt x 534.7
98pt>
File: ../figures/figure_sig_H3_bystander_victim_groupout_iri_pd_h3_bystander_vi
ctim_outgroup_ref_ingroup_x_empathy_personal_distress.png Graphic file (type pn
g)
<use ../figures/figure_sig_H3_bystander_victim_groupout_iri_pd_h3_bystander_vic
tim_outgroup_ref_ingroup_x_empathy_personal_distress.png>
Package pdftex.def Info: ../figures/figure_sig_H3_bystander_victim_groupout_iri
_pd_h3_bystander_victim_outgroup_ref_ingroup_x_empathy_personal_distress.png  u
sed on input line 371.
(pdftex.def)             Requested size: 432.17375pt x 363.42117pt.
 [19 <../figures/figure_sig_H3_bystander_n1_groupout_iri_fs_h3_bystander_n1_out
group_ref_control_x_empathy_fantasy_scale.png>]
<../figures/figure_sig_H3_bystander_n2_groupout_iri_pt_h3_bystander_n2_outgroup
_ref_control_x_empathy_perspective_taking.png, id=283, 635.976pt x 534.798pt>
File: ../figures/figure_sig_H3_bystander_n2_groupout_iri_pt_h3_bystander_n2_out
group_ref_control_x_empathy_perspective_taking.png Graphic file (type png)
<use ../figures/figure_sig_H3_bystander_n2_groupout_iri_pt_h3_bystander_n2_outg
roup_ref_control_x_empathy_perspective_taking.png>
Package pdftex.def Info: ../figures/figure_sig_H3_bystander_n2_groupout_iri_pt_
h3_bystander_n2_outgroup_ref_control_x_empathy_perspective_taking.png  used on 
input line 380.
(pdftex.def)             Requested size: 432.17375pt x 363.42117pt.
 [20 <../figures/figure_sig_H3_bystander_victim_groupout_iri_pd_h3_bystander_vi
ctim_outgroup_ref_ingroup_x_empathy_personal_distress.png>]
<../figures/figure_sig_all_judgments_bystander_age_judgments_bystander_age.png,
 id=291, 635.976pt x 448.074pt>
File: ../figures/figure_sig_all_judgments_bystander_age_judgments_bystander_age
.png Graphic file (type png)
<use ../figures/figure_sig_all_judgments_bystander_age_judgments_bystander_age.
png>
Package pdftex.def Info: ../figures/figure_sig_all_judgments_bystander_age_judg
ments_bystander_age.png  used on input line 401.
(pdftex.def)             Requested size: 432.17375pt x 304.488pt.
 [21 <../figures/figure_sig_H3_bystander_n2_groupout_iri_pt_h3_bystander_n2_out
group_ref_control_x_empathy_perspective_taking.png>]
<../figures/figure_sig_all_judgments_bystander_bystander_victim_groupout_judgme
nts_bystander_bystander_victim_outgroup_ref_ingroup.png, id=299, 635.976pt x 44
8.074pt>
File: ../figures/figure_sig_all_judgments_bystander_bystander_victim_groupout_j
udgments_bystander_bystander_victim_outgroup_ref_ingroup.png Graphic file (type
 png)
<use ../figures/figure_sig_all_judgments_bystander_bystander_victim_groupout_ju
dgments_bystander_bystander_victim_outgroup_ref_ingroup.png>
Package pdftex.def Info: ../figures/figure_sig_all_judgments_bystander_bystande
r_victim_groupout_judgments_bystander_bystander_victim_outgroup_ref_ingroup.png
  used on input line 414.
(pdftex.def)             Requested size: 432.17375pt x 304.488pt.
 [22 <../figures/figure_sig_all_judgments_bystander_age_judgments_bystander_age
.png>]
<../figures/figure_sig_all_judgments_bystander_bystander_n1_groupout_iri_fs_jud
gments_bystander_bystander_n1_outgroup_ref_control_x_empathy_fantasy_scale.png,
 id=308, 635.976pt x 534.798pt>
File: ../figures/figure_sig_all_judgments_bystander_bystander_n1_groupout_iri_f
s_judgments_bystander_bystander_n1_outgroup_ref_control_x_empathy_fantasy_scale
.png Graphic file (type png)
<use ../figures/figure_sig_all_judgments_bystander_bystander_n1_groupout_iri_fs
_judgments_bystander_bystander_n1_outgroup_ref_control_x_empathy_fantasy_scale.
png>
Package pdftex.def Info: ../figures/figure_sig_all_judgments_bystander_bystande
r_n1_groupout_iri_fs_judgments_bystander_bystander_n1_outgroup_ref_control_x_em
pathy_fantasy_scale.png  used on input line 427.
(pdftex.def)             Requested size: 432.17375pt x 363.42117pt.
 [23 <../figures/figure_sig_all_judgments_bystander_bystander_victim_groupout_j
udgments_bystander_bystander_victim_outgroup_ref_ingroup.png>]
<../figures/figure_sig_all_judgments_bystander_iri_pt_judgments_bystander_empat
hy_perspective_taking.png, id=316, 635.976pt x 448.074pt>
File: ../figures/figure_sig_all_judgments_bystander_iri_pt_judgments_bystander_
empathy_perspective_taking.png Graphic file (type png)
<use ../figures/figure_sig_all_judgments_bystander_iri_pt_judgments_bystander_e
mpathy_perspective_taking.png>
Package pdftex.def Info: ../figures/figure_sig_all_judgments_bystander_iri_pt_j
udgments_bystander_empathy_perspective_taking.png  used on input line 440.
(pdftex.def)             Requested size: 432.17375pt x 304.488pt.
 [24 <../figures/figure_sig_all_judgments_bystander_bystander_n1_groupout_iri_f
s_judgments_bystander_bystander_n1_outgroup_ref_control_x_empathy_fantasy_scale
.png>]
<../figures/figure_sig_all_judgments_bystander_bystander_n2_groupin_judgments_b
ystander_bystander_n2_ingroup_ref_control.png, id=324, 635.976pt x 448.074pt>
File: ../figures/figure_sig_all_judgments_bystander_bystander_n2_groupin_judgme
nts_bystander_bystander_n2_ingroup_ref_control.png Graphic file (type png)
<use ../figures/figure_sig_all_judgments_bystander_bystander_n2_groupin_judgmen
ts_bystander_bystander_n2_ingroup_ref_control.png>
Package pdftex.def Info: ../figures/figure_sig_all_judgments_bystander_bystande
r_n2_groupin_judgments_bystander_bystander_n2_ingroup_ref_control.png  used on 
input line 454.
(pdftex.def)             Requested size: 432.17375pt x 304.488pt.
 [25 <../figures/figure_sig_all_judgments_bystander_iri_pt_judgments_bystander_
empathy_perspective_taking.png>]
<../figures/figure_sig_all_judgments_bystander_bystander_n1_groupin_judgments_b
ystander_bystander_n1_ingroup_ref_control.png, id=333, 635.976pt x 448.074pt>
File: ../figures/figure_sig_all_judgments_bystander_bystander_n1_groupin_judgme
nts_bystander_bystander_n1_ingroup_ref_control.png Graphic file (type png)
<use ../figures/figure_sig_all_judgments_bystander_bystander_n1_groupin_judgmen
ts_bystander_bystander_n1_ingroup_ref_control.png>
Package pdftex.def Info: ../figures/figure_sig_all_judgments_bystander_bystande
r_n1_groupin_judgments_bystander_bystander_n1_ingroup_ref_control.png  used on 
input line 468.
(pdftex.def)             Requested size: 432.17375pt x 304.488pt.
 [26 <../figures/figure_sig_all_judgments_bystander_bystander_n2_groupin_judgme
nts_bystander_bystander_n2_ingroup_ref_control.png>]
<../figures/figure_sig_all_judgments_bystander_victim_n2_groupin_judgments_byst
ander_victim_n2_ingroup_ref_control.png, id=341, 635.976pt x 448.074pt>
File: ../figures/figure_sig_all_judgments_bystander_victim_n2_groupin_judgments
_bystander_victim_n2_ingroup_ref_control.png Graphic file (type png)
<use ../figures/figure_sig_all_judgments_bystander_victim_n2_groupin_judgments_
bystander_victim_n2_ingroup_ref_control.png>
Package pdftex.def Info: ../figures/figure_sig_all_judgments_bystander_victim_n
2_groupin_judgments_bystander_victim_n2_ingroup_ref_control.png  used on input 
line 482.
(pdftex.def)             Requested size: 432.17375pt x 304.488pt.
 [27 <../figures/figure_sig_all_judgments_bystander_bystander_n1_groupin_judgme
nts_bystander_bystander_n1_ingroup_ref_control.png>]
<../figures/figure_sig_all_judgments_bystander_bystander_victim_groupout_iri_pd
_judgments_bystander_bystander_victim_outgroup_ref_ingroup_x_empathy_personal_d
istress.png, id=349, 635.976pt x 534.798pt>
File: ../figures/figure_sig_all_judgments_bystander_bystander_victim_groupout_i
ri_pd_judgments_bystander_bystander_victim_outgroup_ref_ingroup_x_empathy_perso
nal_distress.png Graphic file (type png)
<use ../figures/figure_sig_all_judgments_bystander_bystander_victim_groupout_ir
i_pd_judgments_bystander_bystander_victim_outgroup_ref_ingroup_x_empathy_person
al_distress.png>
Package pdftex.def Info: ../figures/figure_sig_all_judgments_bystander_bystande
r_victim_groupout_iri_pd_judgments_bystander_bystander_victim_outgroup_ref_ingr
oup_x_empathy_personal_distress.png  used on input line 495.
(pdftex.def)             Requested size: 432.17375pt x 363.42117pt.
 [28 <../figures/figure_sig_all_judgments_bystander_victim_n2_groupin_judgments
_bystander_victim_n2_ingroup_ref_control.png>]
<../figures/figure_sig_all_judgments_bystander_bystander_n2_groupout_judgments_
bystander_bystander_n2_outgroup_ref_control.png, id=357, 635.976pt x 448.074pt>

File: ../figures/figure_sig_all_judgments_bystander_bystander_n2_groupout_judgm
ents_bystander_bystander_n2_outgroup_ref_control.png Graphic file (type png)
<use ../figures/figure_sig_all_judgments_bystander_bystander_n2_groupout_judgme
nts_bystander_bystander_n2_outgroup_ref_control.png>
Package pdftex.def Info: ../figures/figure_sig_all_judgments_bystander_bystande
r_n2_groupout_judgments_bystander_bystander_n2_outgroup_ref_control.png  used o
n input line 509.
(pdftex.def)             Requested size: 432.17375pt x 304.488pt.
 [29 <../figures/figure_sig_all_judgments_bystander_bystander_victim_groupout_i
ri_pd_judgments_bystander_bystander_victim_outgroup_ref_ingroup_x_empathy_perso
nal_distress.png>]
<../figures/figure_sig_all_judgments_bystander_bystander_n2_groupout_iri_pt_jud
gments_bystander_bystander_n2_outgroup_ref_control_x_empathy_perspective_taking
.png, id=365, 635.976pt x 534.798pt>
File: ../figures/figure_sig_all_judgments_bystander_bystander_n2_groupout_iri_p
t_judgments_bystander_bystander_n2_outgroup_ref_control_x_empathy_perspective_t
aking.png Graphic file (type png)
<use ../figures/figure_sig_all_judgments_bystander_bystander_n2_groupout_iri_pt
_judgments_bystander_bystander_n2_outgroup_ref_control_x_empathy_perspective_ta
king.png>
Package pdftex.def Info: ../figures/figure_sig_all_judgments_bystander_bystande
r_n2_groupout_iri_pt_judgments_bystander_bystander_n2_outgroup_ref_control_x_em
pathy_perspective_taking.png  used on input line 522.
(pdftex.def)             Requested size: 432.17375pt x 363.42117pt.
 [30 <../figures/figure_sig_all_judgments_bystander_bystander_n2_groupout_judgm
ents_bystander_bystander_n2_outgroup_ref_control.png>]
<../figures/figure_sig_all_judgments_bystander_bystander_n1_groupout_bystander_
n2_groupin_judgments_bystander_bystander_n1_outgroup_ref_control_x_bystander_n2
_ingroup_ref_control.png, id=373, 635.976pt x 534.798pt>
File: ../figures/figure_sig_all_judgments_bystander_bystander_n1_groupout_bysta
nder_n2_groupin_judgments_bystander_bystander_n1_outgroup_ref_control_x_bystand
er_n2_ingroup_ref_control.png Graphic file (type png)
<use ../figures/figure_sig_all_judgments_bystander_bystander_n1_groupout_bystan
der_n2_groupin_judgments_bystander_bystander_n1_outgroup_ref_control_x_bystande
r_n2_ingroup_ref_control.png>
Package pdftex.def Info: ../figures/figure_sig_all_judgments_bystander_bystande
r_n1_groupout_bystander_n2_groupin_judgments_bystander_bystander_n1_outgroup_re
f_control_x_bystander_n2_ingroup_ref_control.png  used on input line 535.
(pdftex.def)             Requested size: 432.17375pt x 363.42117pt.
 [31 <../figures/figure_sig_all_judgments_bystander_bystander_n2_groupout_iri_p
t_judgments_bystander_bystander_n2_outgroup_ref_control_x_empathy_perspective_t
aking.png>]
<../figures/figure_sig_all_judgments_bystander_bystander_n1_groupout_judgments_
bystander_bystander_n1_outgroup_ref_control.png, id=382, 635.976pt x 448.074pt>

File: ../figures/figure_sig_all_judgments_bystander_bystander_n1_groupout_judgm
ents_bystander_bystander_n1_outgroup_ref_control.png Graphic file (type png)
<use ../figures/figure_sig_all_judgments_bystander_bystander_n1_groupout_judgme
nts_bystander_bystander_n1_outgroup_ref_control.png>
Package pdftex.def Info: ../figures/figure_sig_all_judgments_bystander_bystande
r_n1_groupout_judgments_bystander_bystander_n1_outgroup_ref_control.png  used o
n input line 548.
(pdftex.def)             Requested size: 432.17375pt x 304.488pt.
 [32 <../figures/figure_sig_all_judgments_bystander_bystander_n1_groupout_bysta
nder_n2_groupin_judgments_bystander_bystander_n1_outgroup_ref_control_x_bystand
er_n2_ingroup_ref_control.png>]
<../figures/figure_sig_all_judgments_bystander_bystander_n1_groupin_bystander_n
2_groupin_judgments_bystander_bystander_n1_ingroup_ref_control_x_bystander_n2_i
ngroup_ref_control.png, id=390, 635.976pt x 534.798pt>
File: ../figures/figure_sig_all_judgments_bystander_bystander_n1_groupin_bystan
der_n2_groupin_judgments_bystander_bystander_n1_ingroup_ref_control_x_bystander
_n2_ingroup_ref_control.png Graphic file (type png)
<use ../figures/figure_sig_all_judgments_bystander_bystander_n1_groupin_bystand
er_n2_groupin_judgments_bystander_bystander_n1_ingroup_ref_control_x_bystander_
n2_ingroup_ref_control.png>
Package pdftex.def Info: ../figures/figure_sig_all_judgments_bystander_bystande
r_n1_groupin_bystander_n2_groupin_judgments_bystander_bystander_n1_ingroup_ref_
control_x_bystander_n2_ingroup_ref_control.png  used on input line 561.
(pdftex.def)             Requested size: 432.17375pt x 363.42117pt.
 [33 <../figures/figure_sig_all_judgments_bystander_bystander_n1_groupout_judgm
ents_bystander_bystander_n1_outgroup_ref_control.png>]
<../figures/figure_sig_all_judgments_victim_iri_pt_victim_n1_groupout_judgments
_victim_empathy_perspective_taking_x_victim_n1_outgroup_ref_control.png, id=398
, 635.976pt x 534.798pt>
File: ../figures/figure_sig_all_judgments_victim_iri_pt_victim_n1_groupout_judg
ments_victim_empathy_perspective_taking_x_victim_n1_outgroup_ref_control.png Gr
aphic file (type png)
<use ../figures/figure_sig_all_judgments_victim_iri_pt_victim_n1_groupout_judgm
ents_victim_empathy_perspective_taking_x_victim_n1_outgroup_ref_control.png>
Package pdftex.def Info: ../figures/figure_sig_all_judgments_victim_iri_pt_vict
im_n1_groupout_judgments_victim_empathy_perspective_taking_x_victim_n1_outgroup
_ref_control.png  used on input line 576.
(pdftex.def)             Requested size: 432.17375pt x 363.42117pt.

[34 <../figures/figure_sig_all_judgments_bystander_bystander_n1_groupin_bystand
er_n2_groupin_judgments_bystander_bystander_n1_ingroup_ref_control_x_bystander_
n2_ingroup_ref_control.png>]
<../figures/figure_sig_all_judgments_victim_iri_pt_judgments_victim_empathy_per
spective_taking.png, id=407, 635.976pt x 448.074pt>
File: ../figures/figure_sig_all_judgments_victim_iri_pt_judgments_victim_empath
y_perspective_taking.png Graphic file (type png)
<use ../figures/figure_sig_all_judgments_victim_iri_pt_judgments_victim_empathy
_perspective_taking.png>
Package pdftex.def Info: ../figures/figure_sig_all_judgments_victim_iri_pt_judg
ments_victim_empathy_perspective_taking.png  used on input line 590.
(pdftex.def)             Requested size: 432.17375pt x 304.488pt.
 [35 <../figures/figure_sig_all_judgments_victim_iri_pt_victim_n1_groupout_judg
ments_victim_empathy_perspective_taking_x_victim_n1_outgroup_ref_control.png>]
<../figures/figure_sig_all_judgments_victim_iri_ec_victim_n1_groupout_judgments
_victim_empathy_empathic_concern_x_victim_n1_outgroup_ref_control.png, id=415, 
635.976pt x 534.798pt>
File: ../figures/figure_sig_all_judgments_victim_iri_ec_victim_n1_groupout_judg
ments_victim_empathy_empathic_concern_x_victim_n1_outgroup_ref_control.png Grap
hic file (type png)
<use ../figures/figure_sig_all_judgments_victim_iri_ec_victim_n1_groupout_judgm
ents_victim_empathy_empathic_concern_x_victim_n1_outgroup_ref_control.png>
Package pdftex.def Info: ../figures/figure_sig_all_judgments_victim_iri_ec_vict
im_n1_groupout_judgments_victim_empathy_empathic_concern_x_victim_n1_outgroup_r
ef_control.png  used on input line 603.
(pdftex.def)             Requested size: 432.17375pt x 363.42117pt.
 [36 <../figures/figure_sig_all_judgments_victim_iri_pt_judgments_victim_empath
y_perspective_taking.png>]
<../figures/figure_sig_all_judgments_victim_participant_engineering_judgments_v
ictim_engineering_participant.png, id=423, 635.976pt x 448.074pt>
File: ../figures/figure_sig_all_judgments_victim_participant_engineering_judgme
nts_victim_engineering_participant.png Graphic file (type png)
<use ../figures/figure_sig_all_judgments_victim_participant_engineering_judgmen
ts_victim_engineering_participant.png>
Package pdftex.def Info: ../figures/figure_sig_all_judgments_victim_participant
_engineering_judgments_victim_engineering_participant.png  used on input line 6
18.
(pdftex.def)             Requested size: 432.17375pt x 304.488pt.
 [37 <../figures/figure_sig_all_judgments_victim_iri_ec_victim_n1_groupout_judg
ments_victim_empathy_empathic_concern_x_victim_n1_outgroup_ref_control.png>] [3
8 <../figures/figure_sig_all_judgments_victim_participant_engineering_judgments
_victim_engineering_participant.png>] [39]
Overfull \hbox (69.98845pt too wide) detected at line 647
[][]
 []


Overfull \hbox (78.46022pt too wide) detected at line 656
[][]
 []

[40] [41] [42] [43] [44]
Overfull \hbox (127.26076pt too wide) detected at line 783
[][]
 []


Overfull \hbox (480.50719pt too wide) detected at line 792
[][]
 []

[45] [46] [47] [48] [49] [50] [51]
Overfull \hbox (176.88289pt too wide) detected at line 922
[][]
 []

[52]
Overfull \hbox (446.80666pt too wide) detected at line 935
[][]
 []

[53] [54] [55] [56] [57] [58] [59]
Overfull \vbox (41.80489pt too high) has occurred while \output is active []


[60] [61] [62] [63] [64] [65] [66] [67] (tobit_analysis_report_build.aux)
 ***********
LaTeX2e <2025-11-01>
L3 programming layer <2026-01-19>
 ***********


LaTeX Font Warning: Size substitutions with differences
(Font)              up to 0.5pt have occurred.

Package rerunfilecheck Info: File `tobit_analysis_report_build.out' has not cha
nged.
(rerunfilecheck)             Checksum: 425452BB46C755AA7B5FC665A86F3ABA;5355.
 ) 
Here is how much of TeX's memory you used:
 11170 strings out of 467867
 195818 string characters out of 5418335
 667408 words of memory out of 5000000
 39744 multiletter control sequences out of 15000+600000
 649266 words of font info for 99 fonts, out of 8000000 for 9000
 1141 hyphenation exceptions out of 8191
 75i,14n,79p,26477b,522s stack positions out of 10000i,1000n,20000p,200000b,200000s
 <C:\Users\LEONA\AppData\Local\MiKTeX\fonts/pk/ljfour/jknappen/ec/dpi600\ecrm
0900.pk> <C:\Users\LEONA\AppData\Local\MiKTeX\fonts/pk/ljfour/jknappen/ec/dpi60
0\ecti0900.pk> <C:\Users\LEONA\AppData\Local\MiKTeX\fonts/pk/ljfour/jknappen/ec
/dpi600\ecti1095.pk> <C:\Users\LEONA\AppData\Local\MiKTeX\fonts/pk/ljfour/jknap
pen/ec/dpi600\ecbx1095.pk> <C:\Users\LEONA\AppData\Local\MiKTeX\fonts/pk/ljfour
/jknappen/ec/dpi600\ectt1095.pk> <C:\Users\LEONA\AppData\Local\MiKTeX\fonts/pk/
ljfour/jknappen/ec/dpi600\tcrm1095.pk> <C:\Users\LEONA\AppData\Local\MiKTeX\fon
ts/pk/ljfour/jknappen/ec/dpi600\ecbx1200.pk> <C:\Users\LEONA\AppData\Local\MiKT
eX\fonts/pk/ljfour/jknappen/ec/dpi600\ecrm1095.pk> <C:\Users\LEONA\AppData\Loca
l\MiKTeX\fonts/pk/ljfour/jknappen/ec/dpi600\ecbx1440.pk> <C:\Users\LEONA\AppDat
a\Local\MiKTeX\fonts/pk/ljfour/jknappen/ec/dpi600\ecrm1200.pk> <C:\Users\LEONA\
AppData\Local\MiKTeX\fonts/pk/ljfour/jknappen/ec/dpi600\ecrm1728.pk><C:/Users/L
EONA/AppData/Local/Programs/MiKTeX/fonts/type1/public/amsfonts/cm/cmbx10.pfb><C
:/Users/LEONA/AppData/Local/Programs/MiKTeX/fonts/type1/public/amsfonts/cm/cmex
10.pfb><C:/Users/LEONA/AppData/Local/Programs/MiKTeX/fonts/type1/public/amsfont
s/cm/cmmi10.pfb><C:/Users/LEONA/AppData/Local/Programs/MiKTeX/fonts/type1/publi
c/amsfonts/cm/cmmi8.pfb><C:/Users/LEONA/AppData/Local/Programs/MiKTeX/fonts/typ
e1/public/amsfonts/cm/cmmib10.pfb><C:/Users/LEONA/AppData/Local/Programs/MiKTeX
/fonts/type1/public/amsfonts/cm/cmr10.pfb><C:/Users/LEONA/AppData/Local/Program
s/MiKTeX/fonts/type1/public/amsfonts/cm/cmr8.pfb><C:/Users/LEONA/AppData/Local/
Programs/MiKTeX/fonts/type1/public/amsfonts/cm/cmsy10.pfb><C:/Users/LEONA/AppDa
ta/Local/Programs/MiKTeX/fonts/type1/public/amsfonts/cm/cmsy8.pfb>
Output written on tobit_analysis_report_build.pdf (67 pages, 1276369 bytes).
PDF statistics:
 1072 PDF objects out of 1200 (max. 8388607)
 161 named destinations out of 1000 (max. 500000)
 376 words of extra memory for PDF output out of 10000 (max. 10000000)

